Archive member included because of file (symbol)

.\CortexM0\ARM_GCC_484\Debug\bq2002 Tester.a(cyfitter_cfg.o)
                              .\CortexM0\ARM_GCC_484\Debug\Cm0Start.o (cyfitter_cfg)
.\CortexM0\ARM_GCC_484\Debug\bq2002 Tester.a(CyLib.o)
                              .\CortexM0\ARM_GCC_484\Debug\bq2002 Tester.a(cyfitter_cfg.o) (CyIntEnable)
.\CortexM0\ARM_GCC_484\Debug\bq2002 Tester.a(CyLFClk.o)
                              .\CortexM0\ARM_GCC_484\Debug\bq2002 Tester.a(cyfitter_cfg.o) (CySysWdtIsr)
.\CortexM0\ARM_GCC_484\Debug\bq2002 Tester.a(TM.o)
                              .\CortexM0\ARM_GCC_484\Debug\bq2002.o (TM_Write)
.\CortexM0\ARM_GCC_484\Debug\bq2002 Tester.a(CyBootAsmGnu.o)
                              .\CortexM0\ARM_GCC_484\Debug\bq2002 Tester.a(CyLib.o) (CyDelayCycles)
c:/program files (x86)/cypress/psoc creator/3.2/psoc creator/import/gnu/arm/4.8.4/bin/../lib/gcc/arm-none-eabi/4.8.4/armv6-m\libgcc.a(_udivsi3.o)
                              .\CortexM0\ARM_GCC_484\Debug\bq2002 Tester.a(CyLib.o) (__aeabi_uidiv)
c:/program files (x86)/cypress/psoc creator/3.2/psoc creator/import/gnu/arm/4.8.4/bin/../lib/gcc/arm-none-eabi/4.8.4/armv6-m\libgcc.a(_dvmd_tls.o)
                              c:/program files (x86)/cypress/psoc creator/3.2/psoc creator/import/gnu/arm/4.8.4/bin/../lib/gcc/arm-none-eabi/4.8.4/armv6-m\libgcc.a(_udivsi3.o) (__aeabi_idiv0)
c:/program files (x86)/cypress/psoc creator/3.2/psoc creator/import/gnu/arm/4.8.4/bin/../lib/gcc/arm-none-eabi/4.8.4/../../../../arm-none-eabi/lib/armv6-m\libg_s.a(lib_a-errno.o)
                              .\CortexM0\ARM_GCC_484\Debug\Cm0Start.o (__errno)
c:/program files (x86)/cypress/psoc creator/3.2/psoc creator/import/gnu/arm/4.8.4/bin/../lib/gcc/arm-none-eabi/4.8.4/../../../../arm-none-eabi/lib/armv6-m\libg_s.a(lib_a-exit.o)
                              c:/program files (x86)/cypress/psoc creator/3.2/psoc creator/import/gnu/arm/4.8.4/bin/../lib/gcc/arm-none-eabi/4.8.4/../../../../arm-none-eabi/lib/armv6-m/crt0.o (exit)
c:/program files (x86)/cypress/psoc creator/3.2/psoc creator/import/gnu/arm/4.8.4/bin/../lib/gcc/arm-none-eabi/4.8.4/../../../../arm-none-eabi/lib/armv6-m\libg_s.a(lib_a-impure.o)
                              c:/program files (x86)/cypress/psoc creator/3.2/psoc creator/import/gnu/arm/4.8.4/bin/../lib/gcc/arm-none-eabi/4.8.4/../../../../arm-none-eabi/lib/armv6-m\libg_s.a(lib_a-exit.o) (_global_impure_ptr)
c:/program files (x86)/cypress/psoc creator/3.2/psoc creator/import/gnu/arm/4.8.4/bin/../lib/gcc/arm-none-eabi/4.8.4/../../../../arm-none-eabi/lib/armv6-m\libg_s.a(lib_a-init.o)
                              c:/program files (x86)/cypress/psoc creator/3.2/psoc creator/import/gnu/arm/4.8.4/bin/../lib/gcc/arm-none-eabi/4.8.4/../../../../arm-none-eabi/lib/armv6-m/crt0.o (__libc_init_array)
c:/program files (x86)/cypress/psoc creator/3.2/psoc creator/import/gnu/arm/4.8.4/bin/../lib/gcc/arm-none-eabi/4.8.4/../../../../arm-none-eabi/lib/armv6-m\libg_s.a(lib_a-memset.o)
                              c:/program files (x86)/cypress/psoc creator/3.2/psoc creator/import/gnu/arm/4.8.4/bin/../lib/gcc/arm-none-eabi/4.8.4/../../../../arm-none-eabi/lib/armv6-m/crt0.o (memset)

Discarded input sections

 .text          0x00000000        0x0 c:/program files (x86)/cypress/psoc creator/3.2/psoc creator/import/gnu/arm/4.8.4/bin/../lib/gcc/arm-none-eabi/4.8.4/armv6-m/crti.o
 .data          0x00000000        0x0 c:/program files (x86)/cypress/psoc creator/3.2/psoc creator/import/gnu/arm/4.8.4/bin/../lib/gcc/arm-none-eabi/4.8.4/armv6-m/crti.o
 .bss           0x00000000        0x0 c:/program files (x86)/cypress/psoc creator/3.2/psoc creator/import/gnu/arm/4.8.4/bin/../lib/gcc/arm-none-eabi/4.8.4/armv6-m/crti.o
 .data          0x00000000        0x4 c:/program files (x86)/cypress/psoc creator/3.2/psoc creator/import/gnu/arm/4.8.4/bin/../lib/gcc/arm-none-eabi/4.8.4/armv6-m/crtbegin.o
 .text          0x00000000       0x78 c:/program files (x86)/cypress/psoc creator/3.2/psoc creator/import/gnu/arm/4.8.4/bin/../lib/gcc/arm-none-eabi/4.8.4/../../../../arm-none-eabi/lib/armv6-m/crt0.o
 .data          0x00000000        0x0 c:/program files (x86)/cypress/psoc creator/3.2/psoc creator/import/gnu/arm/4.8.4/bin/../lib/gcc/arm-none-eabi/4.8.4/../../../../arm-none-eabi/lib/armv6-m/crt0.o
 .bss           0x00000000        0x0 c:/program files (x86)/cypress/psoc creator/3.2/psoc creator/import/gnu/arm/4.8.4/bin/../lib/gcc/arm-none-eabi/4.8.4/../../../../arm-none-eabi/lib/armv6-m/crt0.o
 .ARM.extab     0x00000000        0x0 c:/program files (x86)/cypress/psoc creator/3.2/psoc creator/import/gnu/arm/4.8.4/bin/../lib/gcc/arm-none-eabi/4.8.4/../../../../arm-none-eabi/lib/armv6-m/crt0.o
 .ARM.exidx     0x00000000        0x8 c:/program files (x86)/cypress/psoc creator/3.2/psoc creator/import/gnu/arm/4.8.4/bin/../lib/gcc/arm-none-eabi/4.8.4/../../../../arm-none-eabi/lib/armv6-m/crt0.o
 .text          0x00000000        0x0 .\CortexM0\ARM_GCC_484\Debug\main.o
 .data          0x00000000        0x0 .\CortexM0\ARM_GCC_484\Debug\main.o
 .bss           0x00000000        0x0 .\CortexM0\ARM_GCC_484\Debug\main.o
 .text          0x00000000        0x0 .\CortexM0\ARM_GCC_484\Debug\bq2002.o
 .bss           0x00000000        0x0 .\CortexM0\ARM_GCC_484\Debug\bq2002.o
 .text          0x00000000        0x0 .\CortexM0\ARM_GCC_484\Debug\cybootloader.o
 .data          0x00000000        0x0 .\CortexM0\ARM_GCC_484\Debug\cybootloader.o
 .bss           0x00000000        0x0 .\CortexM0\ARM_GCC_484\Debug\cybootloader.o
 .text          0x00000000        0x0 .\CortexM0\ARM_GCC_484\Debug\cymetadata.o
 .data          0x00000000        0x0 .\CortexM0\ARM_GCC_484\Debug\cymetadata.o
 .bss           0x00000000        0x0 .\CortexM0\ARM_GCC_484\Debug\cymetadata.o
 .text          0x00000000        0x0 .\CortexM0\ARM_GCC_484\Debug\Cm0Start.o
 .data          0x00000000        0x4 .\CortexM0\ARM_GCC_484\Debug\Cm0Start.o
 .bss           0x00000000        0x0 .\CortexM0\ARM_GCC_484\Debug\Cm0Start.o
 .text._exit    0x00000000        0xc .\CortexM0\ARM_GCC_484\Debug\Cm0Start.o
 .text._sbrk    0x00000000       0x30 .\CortexM0\ARM_GCC_484\Debug\Cm0Start.o
 .text          0x00000000        0x0 .\CortexM0\ARM_GCC_484\Debug\bq2002 Tester.a(cyfitter_cfg.o)
 .data          0x00000000        0x0 .\CortexM0\ARM_GCC_484\Debug\bq2002 Tester.a(cyfitter_cfg.o)
 .bss           0x00000000        0x0 .\CortexM0\ARM_GCC_484\Debug\bq2002 Tester.a(cyfitter_cfg.o)
 .text          0x00000000        0x0 .\CortexM0\ARM_GCC_484\Debug\bq2002 Tester.a(CyLib.o)
 .bss           0x00000000       0x18 .\CortexM0\ARM_GCC_484\Debug\bq2002 Tester.a(CyLib.o)
 .text.CySysClkImoStart
                0x00000000       0x14 .\CortexM0\ARM_GCC_484\Debug\bq2002 Tester.a(CyLib.o)
 .text.CySysClkImoStop
                0x00000000       0x10 .\CortexM0\ARM_GCC_484\Debug\bq2002 Tester.a(CyLib.o)
 .text.CySysClkWriteHfclkDirect
                0x00000000       0x24 .\CortexM0\ARM_GCC_484\Debug\bq2002 Tester.a(CyLib.o)
 .text.CySysClkWriteSysclkDiv
                0x00000000       0x28 .\CortexM0\ARM_GCC_484\Debug\bq2002 Tester.a(CyLib.o)
 .text.CySysLvdDisable
                0x00000000       0x20 .\CortexM0\ARM_GCC_484\Debug\bq2002 Tester.a(CyLib.o)
 .text.CySysLvdGetInterruptSource
                0x00000000       0x10 .\CortexM0\ARM_GCC_484\Debug\bq2002 Tester.a(CyLib.o)
 .text.CySysLvdClearInterrupt
                0x00000000        0xc .\CortexM0\ARM_GCC_484\Debug\bq2002 Tester.a(CyLib.o)
 .text.CySysGetResetReason
                0x00000000       0x14 .\CortexM0\ARM_GCC_484\Debug\bq2002 Tester.a(CyLib.o)
 .text.CyDisableInts
                0x00000000       0x10 .\CortexM0\ARM_GCC_484\Debug\bq2002 Tester.a(CyLib.o)
 .text.CyEnableInts
                0x00000000        0xc .\CortexM0\ARM_GCC_484\Debug\bq2002 Tester.a(CyLib.o)
 .text.CyIntGetState
                0x00000000       0x18 .\CortexM0\ARM_GCC_484\Debug\bq2002 Tester.a(CyLib.o)
 .text.CyIntDisable
                0x00000000       0x14 .\CortexM0\ARM_GCC_484\Debug\bq2002 Tester.a(CyLib.o)
 .text.CyIntSetPending
                0x00000000       0x14 .\CortexM0\ARM_GCC_484\Debug\bq2002 Tester.a(CyLib.o)
 .text.CyIntClearPending
                0x00000000       0x14 .\CortexM0\ARM_GCC_484\Debug\bq2002 Tester.a(CyLib.o)
 .text.CyIntSetSysVector
                0x00000000       0x20 .\CortexM0\ARM_GCC_484\Debug\bq2002 Tester.a(CyLib.o)
 .text.CyIntGetSysVector
                0x00000000       0x1c .\CortexM0\ARM_GCC_484\Debug\bq2002 Tester.a(CyLib.o)
 .text.CyIntGetVector
                0x00000000       0x1c .\CortexM0\ARM_GCC_484\Debug\bq2002 Tester.a(CyLib.o)
 .text.CyIntSetPriority
                0x00000000       0x48 .\CortexM0\ARM_GCC_484\Debug\bq2002 Tester.a(CyLib.o)
 .text.CyIntGetPriority
                0x00000000       0x2c .\CortexM0\ARM_GCC_484\Debug\bq2002 Tester.a(CyLib.o)
 .text.CySoftwareReset
                0x00000000       0x18 .\CortexM0\ARM_GCC_484\Debug\bq2002 Tester.a(CyLib.o)
 .text.CySysLvdEnable
                0x00000000       0x40 .\CortexM0\ARM_GCC_484\Debug\bq2002 Tester.a(CyLib.o)
 .text.CyDelayFreq
                0x00000000       0x4c .\CortexM0\ARM_GCC_484\Debug\bq2002 Tester.a(CyLib.o)
 .text.CySysTickStop
                0x00000000       0x10 .\CortexM0\ARM_GCC_484\Debug\bq2002 Tester.a(CyLib.o)
 .text.CySysTickEnableInterrupt
                0x00000000       0x10 .\CortexM0\ARM_GCC_484\Debug\bq2002 Tester.a(CyLib.o)
 .text.CySysTickEnable
                0x00000000       0x18 .\CortexM0\ARM_GCC_484\Debug\bq2002 Tester.a(CyLib.o)
 .text.CySysTickDisableInterrupt
                0x00000000       0x10 .\CortexM0\ARM_GCC_484\Debug\bq2002 Tester.a(CyLib.o)
 .text.CySysTickSetReload
                0x00000000       0x10 .\CortexM0\ARM_GCC_484\Debug\bq2002 Tester.a(CyLib.o)
 .text.CySysTickGetReload
                0x00000000       0x10 .\CortexM0\ARM_GCC_484\Debug\bq2002 Tester.a(CyLib.o)
 .text.CySysTickGetValue
                0x00000000       0x10 .\CortexM0\ARM_GCC_484\Debug\bq2002 Tester.a(CyLib.o)
 .text.CySysTickGetCountFlag
                0x00000000       0x10 .\CortexM0\ARM_GCC_484\Debug\bq2002 Tester.a(CyLib.o)
 .text.CySysTickServiceCallbacks
                0x00000000       0x28 .\CortexM0\ARM_GCC_484\Debug\bq2002 Tester.a(CyLib.o)
 .text.CySysTickClear
                0x00000000        0xc .\CortexM0\ARM_GCC_484\Debug\bq2002 Tester.a(CyLib.o)
 .text.CySysTickInit
                0x00000000       0x44 .\CortexM0\ARM_GCC_484\Debug\bq2002 Tester.a(CyLib.o)
 .text.CySysTickStart
                0x00000000       0x20 .\CortexM0\ARM_GCC_484\Debug\bq2002 Tester.a(CyLib.o)
 .text.CySysTickSetCallback
                0x00000000       0x10 .\CortexM0\ARM_GCC_484\Debug\bq2002 Tester.a(CyLib.o)
 .text.CySysTickGetCallback
                0x00000000        0xc .\CortexM0\ARM_GCC_484\Debug\bq2002 Tester.a(CyLib.o)
 .text.CyGetUniqueId
                0x00000000       0x70 .\CortexM0\ARM_GCC_484\Debug\bq2002 Tester.a(CyLib.o)
 .text          0x00000000        0x0 .\CortexM0\ARM_GCC_484\Debug\bq2002 Tester.a(CyLFClk.o)
 .text.CySysClkIloEnabled
                0x00000000       0x14 .\CortexM0\ARM_GCC_484\Debug\bq2002 Tester.a(CyLFClk.o)
 .text.CySysClkIloStart
                0x00000000       0x14 .\CortexM0\ARM_GCC_484\Debug\bq2002 Tester.a(CyLFClk.o)
 .text.CySysWdtGetEnabledStatus
                0x00000000       0x24 .\CortexM0\ARM_GCC_484\Debug\bq2002 Tester.a(CyLFClk.o)
 .text.CySysWdtSetMode
                0x00000000       0x38 .\CortexM0\ARM_GCC_484\Debug\bq2002 Tester.a(CyLFClk.o)
 .text.CySysClkLfclkPosedgeRestore
                0x00000000       0x2c .\CortexM0\ARM_GCC_484\Debug\bq2002 Tester.a(CyLFClk.o)
 .text.CySysWdtGetMode
                0x00000000       0x14 .\CortexM0\ARM_GCC_484\Debug\bq2002 Tester.a(CyLFClk.o)
 .text.CySysWdtSetClearOnMatch
                0x00000000       0x38 .\CortexM0\ARM_GCC_484\Debug\bq2002 Tester.a(CyLFClk.o)
 .text.CySysWdtGetClearOnMatch
                0x00000000       0x24 .\CortexM0\ARM_GCC_484\Debug\bq2002 Tester.a(CyLFClk.o)
 .text.CySysWdtEnable
                0x00000000       0x40 .\CortexM0\ARM_GCC_484\Debug\bq2002 Tester.a(CyLFClk.o)
 .text.CySysWdtDisable
                0x00000000       0x44 .\CortexM0\ARM_GCC_484\Debug\bq2002 Tester.a(CyLFClk.o)
 .text.CySysWdtSetCascade
                0x00000000       0x34 .\CortexM0\ARM_GCC_484\Debug\bq2002 Tester.a(CyLFClk.o)
 .text.CySysWdtGetCascade
                0x00000000       0x14 .\CortexM0\ARM_GCC_484\Debug\bq2002 Tester.a(CyLFClk.o)
 .text.CySysWdtSetMatch
                0x00000000       0x3c .\CortexM0\ARM_GCC_484\Debug\bq2002 Tester.a(CyLFClk.o)
 .text.CySysWdtSetToggleBit
                0x00000000       0x2c .\CortexM0\ARM_GCC_484\Debug\bq2002 Tester.a(CyLFClk.o)
 .text.CySysWdtGetToggleBit
                0x00000000       0x10 .\CortexM0\ARM_GCC_484\Debug\bq2002 Tester.a(CyLFClk.o)
 .text.CySysWdtGetMatch
                0x00000000       0x20 .\CortexM0\ARM_GCC_484\Debug\bq2002 Tester.a(CyLFClk.o)
 .text.CySysWdtGetCount
                0x00000000       0x3c .\CortexM0\ARM_GCC_484\Debug\bq2002 Tester.a(CyLFClk.o)
 .text.CySysClkLfclkPosedgeCatch
                0x00000000       0x74 .\CortexM0\ARM_GCC_484\Debug\bq2002 Tester.a(CyLFClk.o)
 .text.CySysClkIloStop
                0x00000000       0x38 .\CortexM0\ARM_GCC_484\Debug\bq2002 Tester.a(CyLFClk.o)
 .text.CySysWdtGetInterruptSource
                0x00000000       0x14 .\CortexM0\ARM_GCC_484\Debug\bq2002 Tester.a(CyLFClk.o)
 .text.CySysWdtResetCounters
                0x00000000       0x20 .\CortexM0\ARM_GCC_484\Debug\bq2002 Tester.a(CyLFClk.o)
 .text.CySysWdtSetInterruptCallback
                0x00000000       0x20 .\CortexM0\ARM_GCC_484\Debug\bq2002 Tester.a(CyLFClk.o)
 .text.CySysWdtGetInterruptCallback
                0x00000000       0x20 .\CortexM0\ARM_GCC_484\Debug\bq2002 Tester.a(CyLFClk.o)
 .text.CySysWdtEnableCounterIsr
                0x00000000       0x34 .\CortexM0\ARM_GCC_484\Debug\bq2002 Tester.a(CyLFClk.o)
 .text.CySysWdtDisableCounterIsr
                0x00000000       0x28 .\CortexM0\ARM_GCC_484\Debug\bq2002 Tester.a(CyLFClk.o)
 .text.CySysTimerDelayUntilMatch
                0x00000000       0x6c .\CortexM0\ARM_GCC_484\Debug\bq2002 Tester.a(CyLFClk.o)
 .text.CySysTimerDelay
                0x00000000       0x3c .\CortexM0\ARM_GCC_484\Debug\bq2002 Tester.a(CyLFClk.o)
 .text.CySysWatchdogFeed
                0x00000000       0x60 .\CortexM0\ARM_GCC_484\Debug\bq2002 Tester.a(CyLFClk.o)
 .rodata        0x00000000        0xc .\CortexM0\ARM_GCC_484\Debug\bq2002 Tester.a(CyLFClk.o)
 .text          0x00000000        0x0 .\CortexM0\ARM_GCC_484\Debug\bq2002 Tester.a(TM.o)
 .data          0x00000000        0x0 .\CortexM0\ARM_GCC_484\Debug\bq2002 Tester.a(TM.o)
 .bss           0x00000000        0x0 .\CortexM0\ARM_GCC_484\Debug\bq2002 Tester.a(TM.o)
 .text.TM_Read  0x00000000       0x10 .\CortexM0\ARM_GCC_484\Debug\bq2002 Tester.a(TM.o)
 .text.TM_ReadDataReg
                0x00000000       0x10 .\CortexM0\ARM_GCC_484\Debug\bq2002 Tester.a(TM.o)
 .text.TM_ClearInterrupt
                0x00000000       0x14 .\CortexM0\ARM_GCC_484\Debug\bq2002 Tester.a(TM.o)
 .data          0x00000000        0x0 .\CortexM0\ARM_GCC_484\Debug\bq2002 Tester.a(CyBootAsmGnu.o)
 .bss           0x00000000        0x0 .\CortexM0\ARM_GCC_484\Debug\bq2002 Tester.a(CyBootAsmGnu.o)
 .data          0x00000000        0x0 c:/program files (x86)/cypress/psoc creator/3.2/psoc creator/import/gnu/arm/4.8.4/bin/../lib/gcc/arm-none-eabi/4.8.4/armv6-m\libgcc.a(_udivsi3.o)
 .bss           0x00000000        0x0 c:/program files (x86)/cypress/psoc creator/3.2/psoc creator/import/gnu/arm/4.8.4/bin/../lib/gcc/arm-none-eabi/4.8.4/armv6-m\libgcc.a(_udivsi3.o)
 .data          0x00000000        0x0 c:/program files (x86)/cypress/psoc creator/3.2/psoc creator/import/gnu/arm/4.8.4/bin/../lib/gcc/arm-none-eabi/4.8.4/armv6-m\libgcc.a(_dvmd_tls.o)
 .bss           0x00000000        0x0 c:/program files (x86)/cypress/psoc creator/3.2/psoc creator/import/gnu/arm/4.8.4/bin/../lib/gcc/arm-none-eabi/4.8.4/armv6-m\libgcc.a(_dvmd_tls.o)
 .text          0x00000000        0x0 c:/program files (x86)/cypress/psoc creator/3.2/psoc creator/import/gnu/arm/4.8.4/bin/../lib/gcc/arm-none-eabi/4.8.4/../../../../arm-none-eabi/lib/armv6-m\libg_s.a(lib_a-errno.o)
 .data          0x00000000        0x0 c:/program files (x86)/cypress/psoc creator/3.2/psoc creator/import/gnu/arm/4.8.4/bin/../lib/gcc/arm-none-eabi/4.8.4/../../../../arm-none-eabi/lib/armv6-m\libg_s.a(lib_a-errno.o)
 .bss           0x00000000        0x0 c:/program files (x86)/cypress/psoc creator/3.2/psoc creator/import/gnu/arm/4.8.4/bin/../lib/gcc/arm-none-eabi/4.8.4/../../../../arm-none-eabi/lib/armv6-m\libg_s.a(lib_a-errno.o)
 .text.__errno  0x00000000        0xc c:/program files (x86)/cypress/psoc creator/3.2/psoc creator/import/gnu/arm/4.8.4/bin/../lib/gcc/arm-none-eabi/4.8.4/../../../../arm-none-eabi/lib/armv6-m\libg_s.a(lib_a-errno.o)
 .text          0x00000000        0x0 c:/program files (x86)/cypress/psoc creator/3.2/psoc creator/import/gnu/arm/4.8.4/bin/../lib/gcc/arm-none-eabi/4.8.4/../../../../arm-none-eabi/lib/armv6-m\libg_s.a(lib_a-exit.o)
 .data          0x00000000        0x0 c:/program files (x86)/cypress/psoc creator/3.2/psoc creator/import/gnu/arm/4.8.4/bin/../lib/gcc/arm-none-eabi/4.8.4/../../../../arm-none-eabi/lib/armv6-m\libg_s.a(lib_a-exit.o)
 .bss           0x00000000        0x0 c:/program files (x86)/cypress/psoc creator/3.2/psoc creator/import/gnu/arm/4.8.4/bin/../lib/gcc/arm-none-eabi/4.8.4/../../../../arm-none-eabi/lib/armv6-m\libg_s.a(lib_a-exit.o)
 .text.exit     0x00000000       0x2c c:/program files (x86)/cypress/psoc creator/3.2/psoc creator/import/gnu/arm/4.8.4/bin/../lib/gcc/arm-none-eabi/4.8.4/../../../../arm-none-eabi/lib/armv6-m\libg_s.a(lib_a-exit.o)
 .text          0x00000000        0x0 c:/program files (x86)/cypress/psoc creator/3.2/psoc creator/import/gnu/arm/4.8.4/bin/../lib/gcc/arm-none-eabi/4.8.4/../../../../arm-none-eabi/lib/armv6-m\libg_s.a(lib_a-impure.o)
 .data          0x00000000        0x0 c:/program files (x86)/cypress/psoc creator/3.2/psoc creator/import/gnu/arm/4.8.4/bin/../lib/gcc/arm-none-eabi/4.8.4/../../../../arm-none-eabi/lib/armv6-m\libg_s.a(lib_a-impure.o)
 .bss           0x00000000        0x0 c:/program files (x86)/cypress/psoc creator/3.2/psoc creator/import/gnu/arm/4.8.4/bin/../lib/gcc/arm-none-eabi/4.8.4/../../../../arm-none-eabi/lib/armv6-m\libg_s.a(lib_a-impure.o)
 .data.impure_data
                0x00000000       0x60 c:/program files (x86)/cypress/psoc creator/3.2/psoc creator/import/gnu/arm/4.8.4/bin/../lib/gcc/arm-none-eabi/4.8.4/../../../../arm-none-eabi/lib/armv6-m\libg_s.a(lib_a-impure.o)
 .data._impure_ptr
                0x00000000        0x4 c:/program files (x86)/cypress/psoc creator/3.2/psoc creator/import/gnu/arm/4.8.4/bin/../lib/gcc/arm-none-eabi/4.8.4/../../../../arm-none-eabi/lib/armv6-m\libg_s.a(lib_a-impure.o)
 .rodata.str1.1
                0x00000000        0x2 c:/program files (x86)/cypress/psoc creator/3.2/psoc creator/import/gnu/arm/4.8.4/bin/../lib/gcc/arm-none-eabi/4.8.4/../../../../arm-none-eabi/lib/armv6-m\libg_s.a(lib_a-impure.o)
 .rodata._global_impure_ptr
                0x00000000        0x4 c:/program files (x86)/cypress/psoc creator/3.2/psoc creator/import/gnu/arm/4.8.4/bin/../lib/gcc/arm-none-eabi/4.8.4/../../../../arm-none-eabi/lib/armv6-m\libg_s.a(lib_a-impure.o)
 .text          0x00000000        0x0 c:/program files (x86)/cypress/psoc creator/3.2/psoc creator/import/gnu/arm/4.8.4/bin/../lib/gcc/arm-none-eabi/4.8.4/../../../../arm-none-eabi/lib/armv6-m\libg_s.a(lib_a-init.o)
 .data          0x00000000        0x0 c:/program files (x86)/cypress/psoc creator/3.2/psoc creator/import/gnu/arm/4.8.4/bin/../lib/gcc/arm-none-eabi/4.8.4/../../../../arm-none-eabi/lib/armv6-m\libg_s.a(lib_a-init.o)
 .bss           0x00000000        0x0 c:/program files (x86)/cypress/psoc creator/3.2/psoc creator/import/gnu/arm/4.8.4/bin/../lib/gcc/arm-none-eabi/4.8.4/../../../../arm-none-eabi/lib/armv6-m\libg_s.a(lib_a-init.o)
 .text          0x00000000        0x0 c:/program files (x86)/cypress/psoc creator/3.2/psoc creator/import/gnu/arm/4.8.4/bin/../lib/gcc/arm-none-eabi/4.8.4/../../../../arm-none-eabi/lib/armv6-m\libg_s.a(lib_a-memset.o)
 .data          0x00000000        0x0 c:/program files (x86)/cypress/psoc creator/3.2/psoc creator/import/gnu/arm/4.8.4/bin/../lib/gcc/arm-none-eabi/4.8.4/../../../../arm-none-eabi/lib/armv6-m\libg_s.a(lib_a-memset.o)
 .bss           0x00000000        0x0 c:/program files (x86)/cypress/psoc creator/3.2/psoc creator/import/gnu/arm/4.8.4/bin/../lib/gcc/arm-none-eabi/4.8.4/../../../../arm-none-eabi/lib/armv6-m\libg_s.a(lib_a-memset.o)
 .text          0x00000000        0x0 c:/program files (x86)/cypress/psoc creator/3.2/psoc creator/import/gnu/arm/4.8.4/bin/../lib/gcc/arm-none-eabi/4.8.4/armv6-m/crtend.o
 .data          0x00000000        0x0 c:/program files (x86)/cypress/psoc creator/3.2/psoc creator/import/gnu/arm/4.8.4/bin/../lib/gcc/arm-none-eabi/4.8.4/armv6-m/crtend.o
 .bss           0x00000000        0x0 c:/program files (x86)/cypress/psoc creator/3.2/psoc creator/import/gnu/arm/4.8.4/bin/../lib/gcc/arm-none-eabi/4.8.4/armv6-m/crtend.o
 .text          0x00000000        0x0 c:/program files (x86)/cypress/psoc creator/3.2/psoc creator/import/gnu/arm/4.8.4/bin/../lib/gcc/arm-none-eabi/4.8.4/armv6-m/crtn.o
 .data          0x00000000        0x0 c:/program files (x86)/cypress/psoc creator/3.2/psoc creator/import/gnu/arm/4.8.4/bin/../lib/gcc/arm-none-eabi/4.8.4/armv6-m/crtn.o
 .bss           0x00000000        0x0 c:/program files (x86)/cypress/psoc creator/3.2/psoc creator/import/gnu/arm/4.8.4/bin/../lib/gcc/arm-none-eabi/4.8.4/armv6-m/crtn.o

Memory Configuration

Name             Origin             Length             Attributes
rom              0x00000000         0x00008000         xr
ram              0x20000000         0x00001000         xrw
*default*        0x00000000         0xffffffff

Linker script and memory map

LOAD c:/program files (x86)/cypress/psoc creator/3.2/psoc creator/import/gnu/arm/4.8.4/bin/../lib/gcc/arm-none-eabi/4.8.4/armv6-m/crti.o
LOAD c:/program files (x86)/cypress/psoc creator/3.2/psoc creator/import/gnu/arm/4.8.4/bin/../lib/gcc/arm-none-eabi/4.8.4/armv6-m/crtbegin.o
LOAD c:/program files (x86)/cypress/psoc creator/3.2/psoc creator/import/gnu/arm/4.8.4/bin/../lib/gcc/arm-none-eabi/4.8.4/../../../../arm-none-eabi/lib/armv6-m/crt0.o
START GROUP
LOAD .\CortexM0\ARM_GCC_484\Debug\main.o
LOAD .\CortexM0\ARM_GCC_484\Debug\bq2002.o
LOAD .\CortexM0\ARM_GCC_484\Debug\cybootloader.o
LOAD .\CortexM0\ARM_GCC_484\Debug\cymetadata.o
LOAD .\CortexM0\ARM_GCC_484\Debug\Cm0Start.o
LOAD .\CortexM0\ARM_GCC_484\Debug\bq2002 Tester.a
LOAD C:\Program Files (x86)\Cypress\PSoC Creator\3.2\PSoC Creator\psoc\content\cycomponentlibrary\CyComponentLibrary.cylib\CortexM0\ARM_GCC_484\Debug\CyComponentLibrary.a
END GROUP
START GROUP
LOAD c:/program files (x86)/cypress/psoc creator/3.2/psoc creator/import/gnu/arm/4.8.4/bin/../lib/gcc/arm-none-eabi/4.8.4/armv6-m\libgcc.a
LOAD c:/program files (x86)/cypress/psoc creator/3.2/psoc creator/import/gnu/arm/4.8.4/bin/../lib/gcc/arm-none-eabi/4.8.4/../../../../arm-none-eabi/lib/armv6-m\libg_s.a
LOAD c:/program files (x86)/cypress/psoc creator/3.2/psoc creator/import/gnu/arm/4.8.4/bin/../lib/gcc/arm-none-eabi/4.8.4/../../../../arm-none-eabi/lib/armv6-m\libc_s.a
END GROUP
START GROUP
LOAD c:/program files (x86)/cypress/psoc creator/3.2/psoc creator/import/gnu/arm/4.8.4/bin/../lib/gcc/arm-none-eabi/4.8.4/armv6-m\libgcc.a
LOAD c:/program files (x86)/cypress/psoc creator/3.2/psoc creator/import/gnu/arm/4.8.4/bin/../lib/gcc/arm-none-eabi/4.8.4/../../../../arm-none-eabi/lib/armv6-m\libc_s.a
END GROUP
LOAD c:/program files (x86)/cypress/psoc creator/3.2/psoc creator/import/gnu/arm/4.8.4/bin/../lib/gcc/arm-none-eabi/4.8.4/armv6-m/crtend.o
LOAD c:/program files (x86)/cypress/psoc creator/3.2/psoc creator/import/gnu/arm/4.8.4/bin/../lib/gcc/arm-none-eabi/4.8.4/armv6-m/crtn.o
START GROUP
LOAD c:/program files (x86)/cypress/psoc creator/3.2/psoc creator/import/gnu/arm/4.8.4/bin/../lib/gcc/arm-none-eabi/4.8.4/armv6-m\libgcc.a
LOAD c:/program files (x86)/cypress/psoc creator/3.2/psoc creator/import/gnu/arm/4.8.4/bin/../lib/gcc/arm-none-eabi/4.8.4/../../../../arm-none-eabi/lib/armv6-m\libc.a
LOAD c:/program files (x86)/cypress/psoc creator/3.2/psoc creator/import/gnu/arm/4.8.4/bin/../lib/gcc/arm-none-eabi/4.8.4/../../../../arm-none-eabi/lib/armv6-m\libnosys.a
END GROUP
                0x00000000                CY_APPL_ORIGIN = 0x0
                0x00000080                CY_FLASH_ROW_SIZE = 0x80
                0x00000001                CY_APPL_NUM = 0x1
                0x00000040                CY_METADATA_SIZE = 0x40
                0x20000128                PROVIDE (__cy_heap_start, _end)
                0x00000001                PROVIDE (__cy_region_num, ((__cy_regions_end - __cy_regions) / 0x10))
                0x20001000                PROVIDE (__cy_stack, (ORIGIN (ram) + 0x1000))
                0x20000c00                PROVIDE (__cy_heap_end, (__cy_stack - 0x400))

.cybootloader   0x00000000     0x1380
 *(.cybootloader)
 .cybootloader  0x00000000     0x1380 .\CortexM0\ARM_GCC_484\Debug\cybootloader.o
                0x00000000                cy_bootloader
                0x00001380                appl1_start = CY_APPL_ORIGIN?CY_APPL_ORIGIN:ALIGN (CY_FLASH_ROW_SIZE)
                0x00004980                appl2_start = (appl1_start + ALIGN ((((0x8000 - appl1_start) - (0x2 * CY_FLASH_ROW_SIZE)) / 0x2), CY_FLASH_ROW_SIZE))
                0x00001380                appl_start = (CY_APPL_NUM == 0x1)?appl1_start:appl2_start

.text           0x00001380      0x724
 CREATE_OBJECT_SYMBOLS
                0x00001380                PROVIDE (__cy_interrupt_vector, RomVectors)
 *(.romvectors)
 .romvectors    0x00001380       0x10 .\CortexM0\ARM_GCC_484\Debug\Cm0Start.o
                0x00001380                RomVectors
                0x00000001                ASSERT ((. != __cy_interrupt_vector), No interrupt vector)
                0x00000001                ASSERT (CY_APPL_ORIGIN?(SIZEOF (.cybootloader) <= CY_APPL_ORIGIN):0x1, Wrong image location)
                0x00001390                PROVIDE (__cy_reset, Reset)
 *(.text.Reset)
 .text.Reset    0x00001390       0x10 .\CortexM0\ARM_GCC_484\Debug\Cm0Start.o
                0x00001390                Reset
                0x00000001                ASSERT ((. != __cy_reset), No reset code)
 *(.psocinit)
 .psocinit      0x000013a0       0xf8 .\CortexM0\ARM_GCC_484\Debug\bq2002 Tester.a(cyfitter_cfg.o)
                0x000013fc                cyfitter_cfg
                0x00001498                . = MAX (., 0x100)
 *(.text .text.* .gnu.linkonce.t.*)
 .text          0x00001498       0x60 c:/program files (x86)/cypress/psoc creator/3.2/psoc creator/import/gnu/arm/4.8.4/bin/../lib/gcc/arm-none-eabi/4.8.4/armv6-m/crtbegin.o
 .text.main     0x000014f8       0x24 .\CortexM0\ARM_GCC_484\Debug\main.o
                0x000014f8                main
 .text.TM_Mode_GetMode
                0x0000151c        0xc .\CortexM0\ARM_GCC_484\Debug\bq2002.o
                0x0000151c                TM_Mode_GetMode
 .text.TM_Mode_SetMode
                0x00001528       0x3c .\CortexM0\ARM_GCC_484\Debug\bq2002.o
                0x00001528                TM_Mode_SetMode
 .text.IntDefaultHandler
                0x00001564        0x4 .\CortexM0\ARM_GCC_484\Debug\Cm0Start.o
                0x00001564                IntDefaultHandler
 .text.Start_c  0x00001568       0x48 .\CortexM0\ARM_GCC_484\Debug\Cm0Start.o
                0x00001568                Start_c
 .text.initialize_psoc
                0x000015b0       0x5c .\CortexM0\ARM_GCC_484\Debug\Cm0Start.o
                0x000015b0                initialize_psoc
 .text.CYMEMZERO
                0x0000160c        0xc .\CortexM0\ARM_GCC_484\Debug\bq2002 Tester.a(cyfitter_cfg.o)
 .text.CyIntEnable
                0x00001618       0x14 .\CortexM0\ARM_GCC_484\Debug\bq2002 Tester.a(CyLib.o)
                0x00001618                CyIntEnable
 .text.CyHalt   0x0000162c        0x4 .\CortexM0\ARM_GCC_484\Debug\bq2002 Tester.a(CyLib.o)
                0x0000162c                CyHalt
 .text.CyIntSetVector
                0x00001630       0x20 .\CortexM0\ARM_GCC_484\Debug\bq2002 Tester.a(CyLib.o)
                0x00001630                CyIntSetVector
 .text.CyDelay  0x00001650       0x30 .\CortexM0\ARM_GCC_484\Debug\bq2002 Tester.a(CyLib.o)
                0x00001650                CyDelay
 .text.CyDelayUs
                0x00001680       0x14 .\CortexM0\ARM_GCC_484\Debug\bq2002 Tester.a(CyLib.o)
                0x00001680                CyDelayUs
 .text.CySysClkWriteImoFreq
                0x00001694      0x164 .\CortexM0\ARM_GCC_484\Debug\bq2002 Tester.a(CyLib.o)
                0x00001694                CySysClkWriteImoFreq
 .text.CySysWdtLocked
                0x000017f8       0x18 .\CortexM0\ARM_GCC_484\Debug\bq2002 Tester.a(CyLFClk.o)
 .text.CySysWdtLock
                0x00001810       0x1c .\CortexM0\ARM_GCC_484\Debug\bq2002 Tester.a(CyLFClk.o)
                0x00001810                CySysWdtLock
 .text.CySysWdtUnlock
                0x0000182c       0x30 .\CortexM0\ARM_GCC_484\Debug\bq2002 Tester.a(CyLFClk.o)
                0x0000182c                CySysWdtUnlock
 .text.CySysWdtClearInterrupt
                0x0000185c       0x4c .\CortexM0\ARM_GCC_484\Debug\bq2002 Tester.a(CyLFClk.o)
                0x0000185c                CySysWdtClearInterrupt
 .text.CySysWdtIsr
                0x000018a8       0xa4 .\CortexM0\ARM_GCC_484\Debug\bq2002 Tester.a(CyLFClk.o)
                0x000018a8                CySysWdtIsr
 .text.TM_Write
                0x0000194c       0x18 .\CortexM0\ARM_GCC_484\Debug\bq2002 Tester.a(TM.o)
                0x0000194c                TM_Write
 .text.TM_SetDriveMode
                0x00001964       0x18 .\CortexM0\ARM_GCC_484\Debug\bq2002 Tester.a(TM.o)
                0x00001964                TM_SetDriveMode
 *fill*         0x0000197c        0x4 
 .text          0x00001980       0x28 .\CortexM0\ARM_GCC_484\Debug\bq2002 Tester.a(CyBootAsmGnu.o)
                0x00001980                CyDelayCycles
                0x00001994                CyEnterCriticalSection
                0x0000199c                CyExitCriticalSection
 .text          0x000019a8       0x9c c:/program files (x86)/cypress/psoc creator/3.2/psoc creator/import/gnu/arm/4.8.4/bin/../lib/gcc/arm-none-eabi/4.8.4/armv6-m\libgcc.a(_udivsi3.o)
                0x000019a8                __aeabi_uidiv
                0x000019a8                __udivsi3
                0x00001a30                __aeabi_uidivmod
 .text          0x00001a44        0x4 c:/program files (x86)/cypress/psoc creator/3.2/psoc creator/import/gnu/arm/4.8.4/bin/../lib/gcc/arm-none-eabi/4.8.4/armv6-m\libgcc.a(_dvmd_tls.o)
                0x00001a44                __aeabi_idiv0
                0x00001a44                __aeabi_ldiv0
 .text.__libc_init_array
                0x00001a48       0x4c c:/program files (x86)/cypress/psoc creator/3.2/psoc creator/import/gnu/arm/4.8.4/bin/../lib/gcc/arm-none-eabi/4.8.4/../../../../arm-none-eabi/lib/armv6-m\libg_s.a(lib_a-init.o)
                0x00001a48                __libc_init_array
 .text.memset   0x00001a94       0x10 c:/program files (x86)/cypress/psoc creator/3.2/psoc creator/import/gnu/arm/4.8.4/bin/../lib/gcc/arm-none-eabi/4.8.4/../../../../arm-none-eabi/lib/armv6-m\libg_s.a(lib_a-memset.o)
                0x00001a94                memset
 *(.plt)
 *(.gnu.warning)
 *(.glue_7t)
 .glue_7t       0x00000000        0x0 linker stubs
 *(.glue_7)
 .glue_7        0x00000000        0x0 linker stubs
 *(.vfp11_veneer)
 .vfp11_veneer  0x00000000        0x0 linker stubs
 *(.bootloader)
 *(.ARM.extab* .gnu.linkonce.armextab.*)
 *(.gcc_except_table)

.v4_bx          0x00001aa4        0x0
 .v4_bx         0x00000000        0x0 linker stubs

.iplt           0x00001aa4        0x0
 .iplt          0x00000000        0x0 c:/program files (x86)/cypress/psoc creator/3.2/psoc creator/import/gnu/arm/4.8.4/bin/../lib/gcc/arm-none-eabi/4.8.4/armv6-m/crtbegin.o

.eh_frame_hdr
 *(.eh_frame_hdr)

.eh_frame       0x00001aa4        0x4
 *(.eh_frame)
 .eh_frame      0x00001aa4        0x0 c:/program files (x86)/cypress/psoc creator/3.2/psoc creator/import/gnu/arm/4.8.4/bin/../lib/gcc/arm-none-eabi/4.8.4/armv6-m/crtbegin.o
 .eh_frame      0x00001aa4        0x4 c:/program files (x86)/cypress/psoc creator/3.2/psoc creator/import/gnu/arm/4.8.4/bin/../lib/gcc/arm-none-eabi/4.8.4/armv6-m/crtend.o
                0x00001aa8                PROVIDE (__exidx_start, .)

.ARM.exidx
 *(.ARM.exidx* .gnu.linkonce.armexidx.*)
                0x00001aa8                __exidx_end = .

.rodata         0x00001aa8       0x70
 *(.rodata .rodata.* .gnu.linkonce.r.*)
 .rodata        0x00001aa8        0xc .\CortexM0\ARM_GCC_484\Debug\bq2002 Tester.a(cyfitter_cfg.o)
 .rodata        0x00001ab4       0x30 .\CortexM0\ARM_GCC_484\Debug\bq2002 Tester.a(CyLib.o)
                0x00001ab4                cyImoFreqMhz2Reg
                0x00001ae4                . = ALIGN (0x4)
 *(.init)
 .init          0x00001ae4        0x4 c:/program files (x86)/cypress/psoc creator/3.2/psoc creator/import/gnu/arm/4.8.4/bin/../lib/gcc/arm-none-eabi/4.8.4/armv6-m/crti.o
                0x00001ae4                _init
 .init          0x00001ae8        0x8 c:/program files (x86)/cypress/psoc creator/3.2/psoc creator/import/gnu/arm/4.8.4/bin/../lib/gcc/arm-none-eabi/4.8.4/armv6-m/crtn.o
                0x00001af0                . = ALIGN (0x4)
                0x00001af0                __preinit_array_start = .
 *(.preinit_array)
                0x00001af0                __preinit_array_end = .
                0x00001af0                . = ALIGN (0x4)
                0x00001af0                __init_array_start = .
 *(SORT(.init_array.*))
 *(.init_array)
 .init_array    0x00001af0        0x4 c:/program files (x86)/cypress/psoc creator/3.2/psoc creator/import/gnu/arm/4.8.4/bin/../lib/gcc/arm-none-eabi/4.8.4/armv6-m/crtbegin.o
 .init_array    0x00001af4        0x4 .\CortexM0\ARM_GCC_484\Debug\Cm0Start.o
                0x00001af8                __init_array_end = .
                0x00001af8                . = ALIGN (0x4)
 *(.fini)
 .fini          0x00001af8        0x4 c:/program files (x86)/cypress/psoc creator/3.2/psoc creator/import/gnu/arm/4.8.4/bin/../lib/gcc/arm-none-eabi/4.8.4/armv6-m/crti.o
                0x00001af8                _fini
 .fini          0x00001afc        0x8 c:/program files (x86)/cypress/psoc creator/3.2/psoc creator/import/gnu/arm/4.8.4/bin/../lib/gcc/arm-none-eabi/4.8.4/armv6-m/crtn.o
                0x00001b04                . = ALIGN (0x4)
                0x00001b04                __fini_array_start = .
 *(.fini_array)
 .fini_array    0x00001b04        0x4 c:/program files (x86)/cypress/psoc creator/3.2/psoc creator/import/gnu/arm/4.8.4/bin/../lib/gcc/arm-none-eabi/4.8.4/armv6-m/crtbegin.o
 *(SORT(.fini_array.*))
                0x00001b08                __fini_array_end = .
                0x00001b08                . = ALIGN (0x4)
 *crtbegin.o(.ctors)
 *(EXCLUDE_FILE(*crtend.o) .ctors)
 *(SORT(.ctors.*))
 *crtend.o(.ctors)
                0x00001b08                . = ALIGN (0x4)
 *crtbegin.o(.dtors)
 *(EXCLUDE_FILE(*crtend.o) .dtors)
 *(SORT(.dtors.*))
 *crtend.o(.dtors)
                0x00001b08                . = ALIGN (0x4)
                0x00001b08                __cy_regions = .
                0x00001b08        0x4 LONG 0x1b18 __cy_region_init_ram
                0x00001b0c        0x4 LONG 0x200000d0 __cy_region_start_data
                0x00001b10        0x4 LONG 0x20 __cy_region_init_size_ram
                0x00001b14        0x4 LONG 0x38 __cy_region_zero_size_ram
                0x00001b18                __cy_regions_end = .
                0x00001b18                . = ALIGN (0x8)
                0x00001b18                _etext = .

.ramvectors     0x20000000       0xc0
                0x20000000                __cy_region_start_ram = .
 *(.ramvectors)
 .ramvectors    0x20000000       0xc0 .\CortexM0\ARM_GCC_484\Debug\Cm0Start.o
                0x20000000                CyRamVectors

.btldr_run      0x200000c0        0x4
 *(.bootloaderruntype)
 .bootloaderruntype
                0x200000c0        0x4 .\CortexM0\ARM_GCC_484\Debug\Cm0Start.o
                0x200000c0                cyBtldrRunType

.noinit         0x200000c8        0x4
 *(.noinit)
 .noinit        0x200000c8        0x4 .\CortexM0\ARM_GCC_484\Debug\Cm0Start.o

.data           0x200000d0       0x20 load address 0x00001b18
                0x200000d0                __cy_region_start_data = .
 *(.jcr)
 .jcr           0x200000d0        0x0 c:/program files (x86)/cypress/psoc creator/3.2/psoc creator/import/gnu/arm/4.8.4/bin/../lib/gcc/arm-none-eabi/4.8.4/armv6-m/crtbegin.o
 .jcr           0x200000d0        0x4 c:/program files (x86)/cypress/psoc creator/3.2/psoc creator/import/gnu/arm/4.8.4/bin/../lib/gcc/arm-none-eabi/4.8.4/armv6-m/crtend.o
 *(.got.plt)
 *(.got)
 *(.shdata)
 *(.data .data.* .gnu.linkonce.d.*)
 .data          0x200000d4        0x4 .\CortexM0\ARM_GCC_484\Debug\bq2002.o
 .data          0x200000d8       0x10 .\CortexM0\ARM_GCC_484\Debug\bq2002 Tester.a(CyLib.o)
                0x200000d8                cydelay32kMs
                0x200000dc                cydelayFreqKhz
                0x200000e0                cydelayFreqMhz
                0x200000e4                cydelayFreqHz
 .data          0x200000e8        0x4 .\CortexM0\ARM_GCC_484\Debug\bq2002 Tester.a(CyLFClk.o)
                0x200000f0                . = ALIGN (0x8)
 *fill*         0x200000ec        0x4 
 *(.ram)
                0x200000f0                _edata = .

.igot.plt       0x200000f0        0x0 load address 0x00001b38
 .igot.plt      0x00000000        0x0 c:/program files (x86)/cypress/psoc creator/3.2/psoc creator/import/gnu/arm/4.8.4/bin/../lib/gcc/arm-none-eabi/4.8.4/armv6-m/crtbegin.o

.bss            0x200000f0       0x38 load address 0x00001b38
                0x200000f0                PROVIDE (__bss_start__, .)
 *(.shbss)
 *(.bss .bss.* .gnu.linkonce.b.*)
 .bss           0x200000f0       0x1c c:/program files (x86)/cypress/psoc creator/3.2/psoc creator/import/gnu/arm/4.8.4/bin/../lib/gcc/arm-none-eabi/4.8.4/armv6-m/crtbegin.o
 .bss           0x2000010c       0x1c .\CortexM0\ARM_GCC_484\Debug\bq2002 Tester.a(CyLFClk.o)
 *(COMMON)
                0x20000128                . = ALIGN (0x8)
 *(.ram.b)
                0x20000128                _end = .
                0x20000128                __end = .
                0x20000128                PROVIDE (end, .)
                0x20000128                PROVIDE (__bss_end__, .)
                0x00001b18                __cy_region_init_ram = LOADADDR (.data)
                0x00000020                __cy_region_init_size_ram = (_edata - ADDR (.data))
                0x00000038                __cy_region_zero_size_ram = (_end - _edata)

.heap           0x20000128       0x80 load address 0x00001b38
                0x20000128                . = _end
                0x200001a8                . = (. + 0x80)
 *fill*         0x20000128       0x80 
                0x200001a8                __cy_heap_limit = .

.stack          0x20000c00      0x400
                0x20000c00                __cy_stack_limit = .
                0x20001000                . = (. + 0x400)
 *fill*         0x20000c00      0x400 
                0x00000001                ASSERT ((__cy_stack_limit >= __cy_heap_limit), region RAM overflowed with stack)

.cyloadermeta   0xf0000000       0x40
 *(.cyloadermeta)
 .cyloadermeta  0xf0000000       0x40 .\CortexM0\ARM_GCC_484\Debug\cybootloader.o
                0xf0000000                cy_meta_loader

.cyloadablemeta
                0x00007fc0       0x40
 *(.cyloadablemeta)
 .cyloadablemeta
                0x00007fc0       0x40 .\CortexM0\ARM_GCC_484\Debug\cymetadata.o
                0x00007fc0                cy_meta_loadable

.cyflashprotect
                0x90400000       0x20
 *(.cyflashprotect)
 .cyflashprotect
                0x90400000       0x20 .\CortexM0\ARM_GCC_484\Debug\cybootloader.o
                0x90400000                cy_meta_flashprotect

.cymeta         0x90500000        0xc
 *(.cymeta)
 .cymeta        0x90500000        0xc .\CortexM0\ARM_GCC_484\Debug\cybootloader.o
                0x90500000                cy_metadata

.cychipprotect  0x90600000        0x4
 *(.cychipprotect)
 .cychipprotect
                0x90600000        0x4 .\CortexM0\ARM_GCC_484\Debug\cybootloader.o
                0x90600000                cy_meta_chipprotect

.rel.dyn        0x00008000        0x0 load address 0x90600004
 .rel.iplt      0x00000000        0x0 c:/program files (x86)/cypress/psoc creator/3.2/psoc creator/import/gnu/arm/4.8.4/bin/../lib/gcc/arm-none-eabi/4.8.4/armv6-m/crtbegin.o

.stab
 *(.stab)

.stabstr
 *(.stabstr)

.debug
 *(.debug)

.line
 *(.line)

.debug_srcinfo
 *(.debug_srcinfo)

.debug_sfnames
 *(.debug_sfnames)

.debug_aranges  0x00000000      0x3e0
 *(.debug_aranges)
 .debug_aranges
                0x00000000       0x20 .\CortexM0\ARM_GCC_484\Debug\main.o
 .debug_aranges
                0x00000020       0x28 .\CortexM0\ARM_GCC_484\Debug\bq2002.o
 .debug_aranges
                0x00000048       0x18 .\CortexM0\ARM_GCC_484\Debug\cybootloader.o
 .debug_aranges
                0x00000060       0x18 .\CortexM0\ARM_GCC_484\Debug\cymetadata.o
 .debug_aranges
                0x00000078       0x48 .\CortexM0\ARM_GCC_484\Debug\Cm0Start.o
 .debug_aranges
                0x000000c0       0x30 .\CortexM0\ARM_GCC_484\Debug\bq2002 Tester.a(cyfitter_cfg.o)
 .debug_aranges
                0x000000f0      0x170 .\CortexM0\ARM_GCC_484\Debug\bq2002 Tester.a(CyLib.o)
 .debug_aranges
                0x00000260      0x120 .\CortexM0\ARM_GCC_484\Debug\bq2002 Tester.a(CyLFClk.o)
 .debug_aranges
                0x00000380       0x40 .\CortexM0\ARM_GCC_484\Debug\bq2002 Tester.a(TM.o)
 .debug_aranges
                0x000003c0       0x20 .\CortexM0\ARM_GCC_484\Debug\bq2002 Tester.a(CyBootAsmGnu.o)

.debug_pubnames
 *(.debug_pubnames)

.debug_info     0x00000000     0x2354
 *(.debug_info .gnu.linkonce.wi.*)
 .debug_info    0x00000000      0x128 .\CortexM0\ARM_GCC_484\Debug\main.o
 .debug_info    0x00000128      0x181 .\CortexM0\ARM_GCC_484\Debug\bq2002.o
 .debug_info    0x000002a9      0x14d .\CortexM0\ARM_GCC_484\Debug\cybootloader.o
 .debug_info    0x000003f6       0xb1 .\CortexM0\ARM_GCC_484\Debug\cymetadata.o
 .debug_info    0x000004a7      0x397 .\CortexM0\ARM_GCC_484\Debug\Cm0Start.o
 .debug_info    0x0000083e      0x28c .\CortexM0\ARM_GCC_484\Debug\bq2002 Tester.a(cyfitter_cfg.o)
 .debug_info    0x00000aca      0xa5f .\CortexM0\ARM_GCC_484\Debug\bq2002 Tester.a(CyLib.o)
 .debug_info    0x00001529      0xc42 .\CortexM0\ARM_GCC_484\Debug\bq2002 Tester.a(CyLFClk.o)
 .debug_info    0x0000216b      0x150 .\CortexM0\ARM_GCC_484\Debug\bq2002 Tester.a(TM.o)
 .debug_info    0x000022bb       0x99 .\CortexM0\ARM_GCC_484\Debug\bq2002 Tester.a(CyBootAsmGnu.o)

.debug_abbrev   0x00000000      0xb25
 *(.debug_abbrev)
 .debug_abbrev  0x00000000       0xce .\CortexM0\ARM_GCC_484\Debug\main.o
 .debug_abbrev  0x000000ce       0xee .\CortexM0\ARM_GCC_484\Debug\bq2002.o
 .debug_abbrev  0x000001bc       0x77 .\CortexM0\ARM_GCC_484\Debug\cybootloader.o
 .debug_abbrev  0x00000233       0x5d .\CortexM0\ARM_GCC_484\Debug\cymetadata.o
 .debug_abbrev  0x00000290      0x20d .\CortexM0\ARM_GCC_484\Debug\Cm0Start.o
 .debug_abbrev  0x0000049d      0x18a .\CortexM0\ARM_GCC_484\Debug\bq2002 Tester.a(cyfitter_cfg.o)
 .debug_abbrev  0x00000627      0x20d .\CortexM0\ARM_GCC_484\Debug\bq2002 Tester.a(CyLib.o)
 .debug_abbrev  0x00000834      0x226 .\CortexM0\ARM_GCC_484\Debug\bq2002 Tester.a(CyLFClk.o)
 .debug_abbrev  0x00000a5a       0xb7 .\CortexM0\ARM_GCC_484\Debug\bq2002 Tester.a(TM.o)
 .debug_abbrev  0x00000b11       0x14 .\CortexM0\ARM_GCC_484\Debug\bq2002 Tester.a(CyBootAsmGnu.o)

.debug_line     0x00000000      0xe59
 *(.debug_line)
 .debug_line    0x00000000       0x81 .\CortexM0\ARM_GCC_484\Debug\main.o
 .debug_line    0x00000081       0x8f .\CortexM0\ARM_GCC_484\Debug\bq2002.o
 .debug_line    0x00000110       0x55 .\CortexM0\ARM_GCC_484\Debug\cybootloader.o
 .debug_line    0x00000165       0x53 .\CortexM0\ARM_GCC_484\Debug\cymetadata.o
 .debug_line    0x000001b8      0x231 .\CortexM0\ARM_GCC_484\Debug\Cm0Start.o
 .debug_line    0x000003e9      0x136 .\CortexM0\ARM_GCC_484\Debug\bq2002 Tester.a(cyfitter_cfg.o)
 .debug_line    0x0000051f      0x42f .\CortexM0\ARM_GCC_484\Debug\bq2002 Tester.a(CyLib.o)
 .debug_line    0x0000094e      0x3fa .\CortexM0\ARM_GCC_484\Debug\bq2002 Tester.a(CyLFClk.o)
 .debug_line    0x00000d48       0xa8 .\CortexM0\ARM_GCC_484\Debug\bq2002 Tester.a(TM.o)
 .debug_line    0x00000df0       0x69 .\CortexM0\ARM_GCC_484\Debug\bq2002 Tester.a(CyBootAsmGnu.o)

.debug_frame    0x00000000      0x9c8
 *(.debug_frame)
 .debug_frame   0x00000000       0x2c .\CortexM0\ARM_GCC_484\Debug\main.o
 .debug_frame   0x0000002c       0x3c .\CortexM0\ARM_GCC_484\Debug\bq2002.o
 .debug_frame   0x00000068       0xbc .\CortexM0\ARM_GCC_484\Debug\Cm0Start.o
 .debug_frame   0x00000124       0x68 .\CortexM0\ARM_GCC_484\Debug\bq2002 Tester.a(cyfitter_cfg.o)
 .debug_frame   0x0000018c      0x3bc .\CortexM0\ARM_GCC_484\Debug\bq2002 Tester.a(CyLib.o)
 .debug_frame   0x00000548      0x36c .\CortexM0\ARM_GCC_484\Debug\bq2002 Tester.a(CyLFClk.o)
 .debug_frame   0x000008b4       0x60 .\CortexM0\ARM_GCC_484\Debug\bq2002 Tester.a(TM.o)
 .debug_frame   0x00000914       0x20 c:/program files (x86)/cypress/psoc creator/3.2/psoc creator/import/gnu/arm/4.8.4/bin/../lib/gcc/arm-none-eabi/4.8.4/armv6-m\libgcc.a(_udivsi3.o)
 .debug_frame   0x00000934       0x20 c:/program files (x86)/cypress/psoc creator/3.2/psoc creator/import/gnu/arm/4.8.4/bin/../lib/gcc/arm-none-eabi/4.8.4/../../../../arm-none-eabi/lib/armv6-m\libg_s.a(lib_a-errno.o)
 .debug_frame   0x00000954       0x28 c:/program files (x86)/cypress/psoc creator/3.2/psoc creator/import/gnu/arm/4.8.4/bin/../lib/gcc/arm-none-eabi/4.8.4/../../../../arm-none-eabi/lib/armv6-m\libg_s.a(lib_a-exit.o)
 .debug_frame   0x0000097c       0x2c c:/program files (x86)/cypress/psoc creator/3.2/psoc creator/import/gnu/arm/4.8.4/bin/../lib/gcc/arm-none-eabi/4.8.4/../../../../arm-none-eabi/lib/armv6-m\libg_s.a(lib_a-init.o)
 .debug_frame   0x000009a8       0x20 c:/program files (x86)/cypress/psoc creator/3.2/psoc creator/import/gnu/arm/4.8.4/bin/../lib/gcc/arm-none-eabi/4.8.4/../../../../arm-none-eabi/lib/armv6-m\libg_s.a(lib_a-memset.o)

.debug_str      0x00000000      0xdcf
 *(.debug_str)
 .debug_str     0x00000000      0x19f .\CortexM0\ARM_GCC_484\Debug\main.o
                                0x1d8 (size before relaxing)
 .debug_str     0x0000019f       0x3e .\CortexM0\ARM_GCC_484\Debug\bq2002.o
                                0x1f9 (size before relaxing)
 .debug_str     0x000001dd       0x7a .\CortexM0\ARM_GCC_484\Debug\cybootloader.o
                                0x1e4 (size before relaxing)
 .debug_str     0x00000257       0x37 .\CortexM0\ARM_GCC_484\Debug\cymetadata.o
                                0x1a1 (size before relaxing)
 .debug_str     0x0000028e      0x172 .\CortexM0\ARM_GCC_484\Debug\Cm0Start.o
                                0x2fb (size before relaxing)
 .debug_str     0x00000400       0x9d .\CortexM0\ARM_GCC_484\Debug\bq2002 Tester.a(cyfitter_cfg.o)
                                0x242 (size before relaxing)
 .debug_str     0x0000049d      0x462 .\CortexM0\ARM_GCC_484\Debug\bq2002 Tester.a(CyLib.o)
                                0x640 (size before relaxing)
 .debug_str     0x000008ff      0x476 .\CortexM0\ARM_GCC_484\Debug\bq2002 Tester.a(CyLFClk.o)
                                0x64a (size before relaxing)
 .debug_str     0x00000d75       0x5a .\CortexM0\ARM_GCC_484\Debug\bq2002 Tester.a(TM.o)
                                0x1ec (size before relaxing)

.debug_loc      0x00000000     0x10e0
 *(.debug_loc)
 .debug_loc     0x00000000       0x80 .\CortexM0\ARM_GCC_484\Debug\bq2002.o
 .debug_loc     0x00000080      0x144 .\CortexM0\ARM_GCC_484\Debug\Cm0Start.o
 .debug_loc     0x000001c4       0xc5 .\CortexM0\ARM_GCC_484\Debug\bq2002 Tester.a(cyfitter_cfg.o)
 .debug_loc     0x00000289      0x5f7 .\CortexM0\ARM_GCC_484\Debug\bq2002 Tester.a(CyLib.o)
 .debug_loc     0x00000880      0x7df .\CortexM0\ARM_GCC_484\Debug\bq2002 Tester.a(CyLFClk.o)
 .debug_loc     0x0000105f       0x81 .\CortexM0\ARM_GCC_484\Debug\bq2002 Tester.a(TM.o)

.debug_macinfo
 *(.debug_macinfo)

.debug_ranges   0x00000000      0x350
 *(.debug_ranges)
 .debug_ranges  0x00000000       0x10 .\CortexM0\ARM_GCC_484\Debug\main.o
 .debug_ranges  0x00000010       0x18 .\CortexM0\ARM_GCC_484\Debug\bq2002.o
 .debug_ranges  0x00000028       0x50 .\CortexM0\ARM_GCC_484\Debug\Cm0Start.o
 .debug_ranges  0x00000078       0x38 .\CortexM0\ARM_GCC_484\Debug\bq2002 Tester.a(cyfitter_cfg.o)
 .debug_ranges  0x000000b0      0x160 .\CortexM0\ARM_GCC_484\Debug\bq2002 Tester.a(CyLib.o)
 .debug_ranges  0x00000210      0x110 .\CortexM0\ARM_GCC_484\Debug\bq2002 Tester.a(CyLFClk.o)
 .debug_ranges  0x00000320       0x30 .\CortexM0\ARM_GCC_484\Debug\bq2002 Tester.a(TM.o)

.comment        0x00000000       0x70
 .comment       0x00000000       0x70 .\CortexM0\ARM_GCC_484\Debug\main.o
                                 0x71 (size before relaxing)
 .comment       0x00000000       0x71 .\CortexM0\ARM_GCC_484\Debug\bq2002.o
 .comment       0x00000000       0x71 .\CortexM0\ARM_GCC_484\Debug\cybootloader.o
 .comment       0x00000000       0x71 .\CortexM0\ARM_GCC_484\Debug\cymetadata.o
 .comment       0x00000000       0x71 .\CortexM0\ARM_GCC_484\Debug\Cm0Start.o
 .comment       0x00000000       0x71 .\CortexM0\ARM_GCC_484\Debug\bq2002 Tester.a(cyfitter_cfg.o)
 .comment       0x00000000       0x71 .\CortexM0\ARM_GCC_484\Debug\bq2002 Tester.a(CyLib.o)
 .comment       0x00000000       0x71 .\CortexM0\ARM_GCC_484\Debug\bq2002 Tester.a(CyLFClk.o)
 .comment       0x00000000       0x71 .\CortexM0\ARM_GCC_484\Debug\bq2002 Tester.a(TM.o)

.debug_weaknames
 *(.debug_weaknames)

.debug_funcnames
 *(.debug_funcnames)

.debug_typenames
 *(.debug_typenames)

.debug_varnames
 *(.debug_varnames)

.note.gnu.arm.ident
 *(.note.gnu.arm.ident)

.ARM.attributes
                0x00000000       0x28
 *(.ARM.attributes)
 .ARM.attributes
                0x00000000       0x1e c:/program files (x86)/cypress/psoc creator/3.2/psoc creator/import/gnu/arm/4.8.4/bin/../lib/gcc/arm-none-eabi/4.8.4/armv6-m/crti.o
 .ARM.attributes
                0x0000001e       0x2c c:/program files (x86)/cypress/psoc creator/3.2/psoc creator/import/gnu/arm/4.8.4/bin/../lib/gcc/arm-none-eabi/4.8.4/armv6-m/crtbegin.o
 .ARM.attributes
                0x0000004a       0x1b c:/program files (x86)/cypress/psoc creator/3.2/psoc creator/import/gnu/arm/4.8.4/bin/../lib/gcc/arm-none-eabi/4.8.4/../../../../arm-none-eabi/lib/armv6-m/crt0.o
 .ARM.attributes
                0x00000065       0x31 .\CortexM0\ARM_GCC_484\Debug\main.o
 .ARM.attributes
                0x00000096       0x31 .\CortexM0\ARM_GCC_484\Debug\bq2002.o
 .ARM.attributes
                0x000000c7       0x31 .\CortexM0\ARM_GCC_484\Debug\cybootloader.o
 .ARM.attributes
                0x000000f8       0x31 .\CortexM0\ARM_GCC_484\Debug\cymetadata.o
 .ARM.attributes
                0x00000129       0x31 .\CortexM0\ARM_GCC_484\Debug\Cm0Start.o
 .ARM.attributes
                0x0000015a       0x31 .\CortexM0\ARM_GCC_484\Debug\bq2002 Tester.a(cyfitter_cfg.o)
 .ARM.attributes
                0x0000018b       0x31 .\CortexM0\ARM_GCC_484\Debug\bq2002 Tester.a(CyLib.o)
 .ARM.attributes
                0x000001bc       0x31 .\CortexM0\ARM_GCC_484\Debug\bq2002 Tester.a(CyLFClk.o)
 .ARM.attributes
                0x000001ed       0x31 .\CortexM0\ARM_GCC_484\Debug\bq2002 Tester.a(TM.o)
 .ARM.attributes
                0x0000021e       0x21 .\CortexM0\ARM_GCC_484\Debug\bq2002 Tester.a(CyBootAsmGnu.o)
 .ARM.attributes
                0x0000023f       0x1e c:/program files (x86)/cypress/psoc creator/3.2/psoc creator/import/gnu/arm/4.8.4/bin/../lib/gcc/arm-none-eabi/4.8.4/armv6-m\libgcc.a(_udivsi3.o)
 .ARM.attributes
                0x0000025d       0x1e c:/program files (x86)/cypress/psoc creator/3.2/psoc creator/import/gnu/arm/4.8.4/bin/../lib/gcc/arm-none-eabi/4.8.4/armv6-m\libgcc.a(_dvmd_tls.o)
 .ARM.attributes
                0x0000027b       0x2c c:/program files (x86)/cypress/psoc creator/3.2/psoc creator/import/gnu/arm/4.8.4/bin/../lib/gcc/arm-none-eabi/4.8.4/../../../../arm-none-eabi/lib/armv6-m\libg_s.a(lib_a-errno.o)
 .ARM.attributes
                0x000002a7       0x2c c:/program files (x86)/cypress/psoc creator/3.2/psoc creator/import/gnu/arm/4.8.4/bin/../lib/gcc/arm-none-eabi/4.8.4/../../../../arm-none-eabi/lib/armv6-m\libg_s.a(lib_a-exit.o)
 .ARM.attributes
                0x000002d3       0x2c c:/program files (x86)/cypress/psoc creator/3.2/psoc creator/import/gnu/arm/4.8.4/bin/../lib/gcc/arm-none-eabi/4.8.4/../../../../arm-none-eabi/lib/armv6-m\libg_s.a(lib_a-impure.o)
 .ARM.attributes
                0x000002ff       0x2c c:/program files (x86)/cypress/psoc creator/3.2/psoc creator/import/gnu/arm/4.8.4/bin/../lib/gcc/arm-none-eabi/4.8.4/../../../../arm-none-eabi/lib/armv6-m\libg_s.a(lib_a-init.o)
 .ARM.attributes
                0x0000032b       0x2c c:/program files (x86)/cypress/psoc creator/3.2/psoc creator/import/gnu/arm/4.8.4/bin/../lib/gcc/arm-none-eabi/4.8.4/../../../../arm-none-eabi/lib/armv6-m\libg_s.a(lib_a-memset.o)
 .ARM.attributes
                0x00000357       0x2c c:/program files (x86)/cypress/psoc creator/3.2/psoc creator/import/gnu/arm/4.8.4/bin/../lib/gcc/arm-none-eabi/4.8.4/armv6-m/crtend.o
 .ARM.attributes
                0x00000383       0x1e c:/program files (x86)/cypress/psoc creator/3.2/psoc creator/import/gnu/arm/4.8.4/bin/../lib/gcc/arm-none-eabi/4.8.4/armv6-m/crtn.o

/DISCARD/
 *(.note.GNU-stack)
OUTPUT(.\CortexM0\ARM_GCC_484\Debug\bq2002 Tester.elf elf32-littlearm)
