ARM GAS  C:\Users\Moses\AppData\Local\Temp\ccACQ7Yf.s 			page 1


   1              		.cpu cortex-m0
   2              		.fpu softvfp
   3              		.eabi_attribute 20, 1
   4              		.eabi_attribute 21, 1
   5              		.eabi_attribute 23, 3
   6              		.eabi_attribute 24, 1
   7              		.eabi_attribute 25, 1
   8              		.eabi_attribute 26, 1
   9              		.eabi_attribute 30, 1
  10              		.eabi_attribute 34, 0
  11              		.eabi_attribute 18, 4
  12              		.code	16
  13              		.file	"Counter_1_PM.c"
  14              		.text
  15              	.Ltext0:
  16              		.cfi_sections	.debug_frame
  17              		.section	.text.Counter_1_SaveConfig,"ax",%progbits
  18              		.align	2
  19              		.global	Counter_1_SaveConfig
  20              		.code	16
  21              		.thumb_func
  22              		.type	Counter_1_SaveConfig, %function
  23              	Counter_1_SaveConfig:
  24              	.LFB0:
  25              		.file 1 ".\\Generated_Source\\PSoC4\\Counter_1_PM.c"
   1:.\Generated_Source\PSoC4/Counter_1_PM.c **** /*******************************************************************************
   2:.\Generated_Source\PSoC4/Counter_1_PM.c **** * File Name: Counter_1_PM.c  
   3:.\Generated_Source\PSoC4/Counter_1_PM.c **** * Version 3.0
   4:.\Generated_Source\PSoC4/Counter_1_PM.c **** *
   5:.\Generated_Source\PSoC4/Counter_1_PM.c **** *  Description:
   6:.\Generated_Source\PSoC4/Counter_1_PM.c **** *    This file provides the power management source code to API for the
   7:.\Generated_Source\PSoC4/Counter_1_PM.c **** *    Counter.  
   8:.\Generated_Source\PSoC4/Counter_1_PM.c **** *
   9:.\Generated_Source\PSoC4/Counter_1_PM.c **** *   Note:
  10:.\Generated_Source\PSoC4/Counter_1_PM.c **** *     None
  11:.\Generated_Source\PSoC4/Counter_1_PM.c **** *
  12:.\Generated_Source\PSoC4/Counter_1_PM.c **** ********************************************************************************
  13:.\Generated_Source\PSoC4/Counter_1_PM.c **** * Copyright 2008-2012, Cypress Semiconductor Corporation.  All rights reserved.
  14:.\Generated_Source\PSoC4/Counter_1_PM.c **** * You may use this file only in accordance with the license, terms, conditions, 
  15:.\Generated_Source\PSoC4/Counter_1_PM.c **** * disclaimers, and limitations in the end user license agreement accompanying 
  16:.\Generated_Source\PSoC4/Counter_1_PM.c **** * the software package with which this file was provided.
  17:.\Generated_Source\PSoC4/Counter_1_PM.c **** *******************************************************************************/
  18:.\Generated_Source\PSoC4/Counter_1_PM.c **** 
  19:.\Generated_Source\PSoC4/Counter_1_PM.c **** #include "Counter_1.h"
  20:.\Generated_Source\PSoC4/Counter_1_PM.c **** 
  21:.\Generated_Source\PSoC4/Counter_1_PM.c **** static Counter_1_backupStruct Counter_1_backup;
  22:.\Generated_Source\PSoC4/Counter_1_PM.c **** 
  23:.\Generated_Source\PSoC4/Counter_1_PM.c **** 
  24:.\Generated_Source\PSoC4/Counter_1_PM.c **** /*******************************************************************************
  25:.\Generated_Source\PSoC4/Counter_1_PM.c **** * Function Name: Counter_1_SaveConfig
  26:.\Generated_Source\PSoC4/Counter_1_PM.c **** ********************************************************************************
  27:.\Generated_Source\PSoC4/Counter_1_PM.c **** * Summary:
  28:.\Generated_Source\PSoC4/Counter_1_PM.c **** *     Save the current user configuration
  29:.\Generated_Source\PSoC4/Counter_1_PM.c **** *
  30:.\Generated_Source\PSoC4/Counter_1_PM.c **** * Parameters:  
  31:.\Generated_Source\PSoC4/Counter_1_PM.c **** *  void
  32:.\Generated_Source\PSoC4/Counter_1_PM.c **** *
ARM GAS  C:\Users\Moses\AppData\Local\Temp\ccACQ7Yf.s 			page 2


  33:.\Generated_Source\PSoC4/Counter_1_PM.c **** * Return: 
  34:.\Generated_Source\PSoC4/Counter_1_PM.c **** *  void
  35:.\Generated_Source\PSoC4/Counter_1_PM.c **** *
  36:.\Generated_Source\PSoC4/Counter_1_PM.c **** * Global variables:
  37:.\Generated_Source\PSoC4/Counter_1_PM.c **** *  Counter_1_backup:  Variables of this global structure are modified to 
  38:.\Generated_Source\PSoC4/Counter_1_PM.c **** *  store the values of non retention configuration registers when Sleep() API is 
  39:.\Generated_Source\PSoC4/Counter_1_PM.c **** *  called.
  40:.\Generated_Source\PSoC4/Counter_1_PM.c **** *
  41:.\Generated_Source\PSoC4/Counter_1_PM.c **** *******************************************************************************/
  42:.\Generated_Source\PSoC4/Counter_1_PM.c **** void Counter_1_SaveConfig(void) 
  43:.\Generated_Source\PSoC4/Counter_1_PM.c **** {
  26              		.loc 1 43 0
  27              		.cfi_startproc
  28 0000 08B5     		push	{r3, lr}
  29              		.cfi_def_cfa_offset 8
  30              		.cfi_offset 3, -8
  31              		.cfi_offset 14, -4
  44:.\Generated_Source\PSoC4/Counter_1_PM.c ****     #if (!Counter_1_UsingFixedFunction)
  45:.\Generated_Source\PSoC4/Counter_1_PM.c **** 
  46:.\Generated_Source\PSoC4/Counter_1_PM.c ****         Counter_1_backup.CounterUdb = Counter_1_ReadCounter();
  32              		.loc 1 46 0
  33 0002 FFF7FEFF 		bl	Counter_1_ReadCounter
  34              	.LVL0:
  35 0006 014B     		ldr	r3, .L2
  36 0008 5880     		strh	r0, [r3, #2]
  47:.\Generated_Source\PSoC4/Counter_1_PM.c **** 
  48:.\Generated_Source\PSoC4/Counter_1_PM.c ****         #if(!Counter_1_ControlRegRemoved)
  49:.\Generated_Source\PSoC4/Counter_1_PM.c ****             Counter_1_backup.CounterControlRegister = Counter_1_ReadControlRegister();
  50:.\Generated_Source\PSoC4/Counter_1_PM.c ****         #endif /* (!Counter_1_ControlRegRemoved) */
  51:.\Generated_Source\PSoC4/Counter_1_PM.c **** 
  52:.\Generated_Source\PSoC4/Counter_1_PM.c ****     #endif /* (!Counter_1_UsingFixedFunction) */
  53:.\Generated_Source\PSoC4/Counter_1_PM.c **** }
  37              		.loc 1 53 0
  38              		@ sp needed
  39 000a 08BD     		pop	{r3, pc}
  40              	.L3:
  41              		.align	2
  42              	.L2:
  43 000c 00000000 		.word	.LANCHOR0
  44              		.cfi_endproc
  45              	.LFE0:
  46              		.size	Counter_1_SaveConfig, .-Counter_1_SaveConfig
  47              		.section	.text.Counter_1_RestoreConfig,"ax",%progbits
  48              		.align	2
  49              		.global	Counter_1_RestoreConfig
  50              		.code	16
  51              		.thumb_func
  52              		.type	Counter_1_RestoreConfig, %function
  53              	Counter_1_RestoreConfig:
  54              	.LFB1:
  54:.\Generated_Source\PSoC4/Counter_1_PM.c **** 
  55:.\Generated_Source\PSoC4/Counter_1_PM.c **** 
  56:.\Generated_Source\PSoC4/Counter_1_PM.c **** /*******************************************************************************
  57:.\Generated_Source\PSoC4/Counter_1_PM.c **** * Function Name: Counter_1_RestoreConfig
  58:.\Generated_Source\PSoC4/Counter_1_PM.c **** ********************************************************************************
  59:.\Generated_Source\PSoC4/Counter_1_PM.c **** *
  60:.\Generated_Source\PSoC4/Counter_1_PM.c **** * Summary:
ARM GAS  C:\Users\Moses\AppData\Local\Temp\ccACQ7Yf.s 			page 3


  61:.\Generated_Source\PSoC4/Counter_1_PM.c **** *  Restores the current user configuration.
  62:.\Generated_Source\PSoC4/Counter_1_PM.c **** *
  63:.\Generated_Source\PSoC4/Counter_1_PM.c **** * Parameters:  
  64:.\Generated_Source\PSoC4/Counter_1_PM.c **** *  void
  65:.\Generated_Source\PSoC4/Counter_1_PM.c **** *
  66:.\Generated_Source\PSoC4/Counter_1_PM.c **** * Return: 
  67:.\Generated_Source\PSoC4/Counter_1_PM.c **** *  void
  68:.\Generated_Source\PSoC4/Counter_1_PM.c **** *
  69:.\Generated_Source\PSoC4/Counter_1_PM.c **** * Global variables:
  70:.\Generated_Source\PSoC4/Counter_1_PM.c **** *  Counter_1_backup:  Variables of this global structure are used to 
  71:.\Generated_Source\PSoC4/Counter_1_PM.c **** *  restore the values of non retention registers on wakeup from sleep mode.
  72:.\Generated_Source\PSoC4/Counter_1_PM.c **** *
  73:.\Generated_Source\PSoC4/Counter_1_PM.c **** *******************************************************************************/
  74:.\Generated_Source\PSoC4/Counter_1_PM.c **** void Counter_1_RestoreConfig(void) 
  75:.\Generated_Source\PSoC4/Counter_1_PM.c **** {      
  55              		.loc 1 75 0
  56              		.cfi_startproc
  57 0000 08B5     		push	{r3, lr}
  58              		.cfi_def_cfa_offset 8
  59              		.cfi_offset 3, -8
  60              		.cfi_offset 14, -4
  76:.\Generated_Source\PSoC4/Counter_1_PM.c ****     #if (!Counter_1_UsingFixedFunction)
  77:.\Generated_Source\PSoC4/Counter_1_PM.c **** 
  78:.\Generated_Source\PSoC4/Counter_1_PM.c ****        Counter_1_WriteCounter(Counter_1_backup.CounterUdb);
  61              		.loc 1 78 0
  62 0002 024B     		ldr	r3, .L5
  63 0004 5888     		ldrh	r0, [r3, #2]
  64 0006 FFF7FEFF 		bl	Counter_1_WriteCounter
  65              	.LVL1:
  79:.\Generated_Source\PSoC4/Counter_1_PM.c **** 
  80:.\Generated_Source\PSoC4/Counter_1_PM.c ****         #if(!Counter_1_ControlRegRemoved)
  81:.\Generated_Source\PSoC4/Counter_1_PM.c ****             Counter_1_WriteControlRegister(Counter_1_backup.CounterControlRegister);
  82:.\Generated_Source\PSoC4/Counter_1_PM.c ****         #endif /* (!Counter_1_ControlRegRemoved) */
  83:.\Generated_Source\PSoC4/Counter_1_PM.c **** 
  84:.\Generated_Source\PSoC4/Counter_1_PM.c ****     #endif /* (!Counter_1_UsingFixedFunction) */
  85:.\Generated_Source\PSoC4/Counter_1_PM.c **** }
  66              		.loc 1 85 0
  67              		@ sp needed
  68 000a 08BD     		pop	{r3, pc}
  69              	.L6:
  70              		.align	2
  71              	.L5:
  72 000c 00000000 		.word	.LANCHOR0
  73              		.cfi_endproc
  74              	.LFE1:
  75              		.size	Counter_1_RestoreConfig, .-Counter_1_RestoreConfig
  76              		.section	.text.Counter_1_Sleep,"ax",%progbits
  77              		.align	2
  78              		.global	Counter_1_Sleep
  79              		.code	16
  80              		.thumb_func
  81              		.type	Counter_1_Sleep, %function
  82              	Counter_1_Sleep:
  83              	.LFB2:
  86:.\Generated_Source\PSoC4/Counter_1_PM.c **** 
  87:.\Generated_Source\PSoC4/Counter_1_PM.c **** 
  88:.\Generated_Source\PSoC4/Counter_1_PM.c **** /*******************************************************************************
ARM GAS  C:\Users\Moses\AppData\Local\Temp\ccACQ7Yf.s 			page 4


  89:.\Generated_Source\PSoC4/Counter_1_PM.c **** * Function Name: Counter_1_Sleep
  90:.\Generated_Source\PSoC4/Counter_1_PM.c **** ********************************************************************************
  91:.\Generated_Source\PSoC4/Counter_1_PM.c **** * Summary:
  92:.\Generated_Source\PSoC4/Counter_1_PM.c **** *     Stop and Save the user configuration
  93:.\Generated_Source\PSoC4/Counter_1_PM.c **** *
  94:.\Generated_Source\PSoC4/Counter_1_PM.c **** * Parameters:  
  95:.\Generated_Source\PSoC4/Counter_1_PM.c **** *  void
  96:.\Generated_Source\PSoC4/Counter_1_PM.c **** *
  97:.\Generated_Source\PSoC4/Counter_1_PM.c **** * Return: 
  98:.\Generated_Source\PSoC4/Counter_1_PM.c **** *  void
  99:.\Generated_Source\PSoC4/Counter_1_PM.c **** *
 100:.\Generated_Source\PSoC4/Counter_1_PM.c **** * Global variables:
 101:.\Generated_Source\PSoC4/Counter_1_PM.c **** *  Counter_1_backup.enableState:  Is modified depending on the enable 
 102:.\Generated_Source\PSoC4/Counter_1_PM.c **** *  state of the block before entering sleep mode.
 103:.\Generated_Source\PSoC4/Counter_1_PM.c **** *
 104:.\Generated_Source\PSoC4/Counter_1_PM.c **** *******************************************************************************/
 105:.\Generated_Source\PSoC4/Counter_1_PM.c **** void Counter_1_Sleep(void) 
 106:.\Generated_Source\PSoC4/Counter_1_PM.c **** {
  84              		.loc 1 106 0
  85              		.cfi_startproc
  86 0000 08B5     		push	{r3, lr}
  87              		.cfi_def_cfa_offset 8
  88              		.cfi_offset 3, -8
  89              		.cfi_offset 14, -4
 107:.\Generated_Source\PSoC4/Counter_1_PM.c ****     #if(!Counter_1_ControlRegRemoved)
 108:.\Generated_Source\PSoC4/Counter_1_PM.c ****         /* Save Counter's enable state */
 109:.\Generated_Source\PSoC4/Counter_1_PM.c ****         if(Counter_1_CTRL_ENABLE == (Counter_1_CONTROL & Counter_1_CTRL_ENABLE))
 110:.\Generated_Source\PSoC4/Counter_1_PM.c ****         {
 111:.\Generated_Source\PSoC4/Counter_1_PM.c ****             /* Counter is enabled */
 112:.\Generated_Source\PSoC4/Counter_1_PM.c ****             Counter_1_backup.CounterEnableState = 1u;
 113:.\Generated_Source\PSoC4/Counter_1_PM.c ****         }
 114:.\Generated_Source\PSoC4/Counter_1_PM.c ****         else
 115:.\Generated_Source\PSoC4/Counter_1_PM.c ****         {
 116:.\Generated_Source\PSoC4/Counter_1_PM.c ****             /* Counter is disabled */
 117:.\Generated_Source\PSoC4/Counter_1_PM.c ****             Counter_1_backup.CounterEnableState = 0u;
 118:.\Generated_Source\PSoC4/Counter_1_PM.c ****         }
 119:.\Generated_Source\PSoC4/Counter_1_PM.c ****     #else
 120:.\Generated_Source\PSoC4/Counter_1_PM.c ****         Counter_1_backup.CounterEnableState = 1u;
 121:.\Generated_Source\PSoC4/Counter_1_PM.c ****         if(Counter_1_backup.CounterEnableState != 0u)
 122:.\Generated_Source\PSoC4/Counter_1_PM.c ****         {
 123:.\Generated_Source\PSoC4/Counter_1_PM.c ****             Counter_1_backup.CounterEnableState = 0u;
  90              		.loc 1 123 0
  91 0002 0022     		mov	r2, #0
  92 0004 034B     		ldr	r3, .L8
  93 0006 1A70     		strb	r2, [r3]
 124:.\Generated_Source\PSoC4/Counter_1_PM.c ****         }
 125:.\Generated_Source\PSoC4/Counter_1_PM.c ****     #endif /* (!Counter_1_ControlRegRemoved) */
 126:.\Generated_Source\PSoC4/Counter_1_PM.c ****     
 127:.\Generated_Source\PSoC4/Counter_1_PM.c ****     Counter_1_Stop();
  94              		.loc 1 127 0
  95 0008 FFF7FEFF 		bl	Counter_1_Stop
  96              	.LVL2:
 128:.\Generated_Source\PSoC4/Counter_1_PM.c ****     Counter_1_SaveConfig();
  97              		.loc 1 128 0
  98 000c FFF7FEFF 		bl	Counter_1_SaveConfig
  99              	.LVL3:
 129:.\Generated_Source\PSoC4/Counter_1_PM.c **** }
ARM GAS  C:\Users\Moses\AppData\Local\Temp\ccACQ7Yf.s 			page 5


 100              		.loc 1 129 0
 101              		@ sp needed
 102 0010 08BD     		pop	{r3, pc}
 103              	.L9:
 104 0012 C046     		.align	2
 105              	.L8:
 106 0014 00000000 		.word	.LANCHOR0
 107              		.cfi_endproc
 108              	.LFE2:
 109              		.size	Counter_1_Sleep, .-Counter_1_Sleep
 110              		.section	.text.Counter_1_Wakeup,"ax",%progbits
 111              		.align	2
 112              		.global	Counter_1_Wakeup
 113              		.code	16
 114              		.thumb_func
 115              		.type	Counter_1_Wakeup, %function
 116              	Counter_1_Wakeup:
 117              	.LFB3:
 130:.\Generated_Source\PSoC4/Counter_1_PM.c **** 
 131:.\Generated_Source\PSoC4/Counter_1_PM.c **** 
 132:.\Generated_Source\PSoC4/Counter_1_PM.c **** /*******************************************************************************
 133:.\Generated_Source\PSoC4/Counter_1_PM.c **** * Function Name: Counter_1_Wakeup
 134:.\Generated_Source\PSoC4/Counter_1_PM.c **** ********************************************************************************
 135:.\Generated_Source\PSoC4/Counter_1_PM.c **** *
 136:.\Generated_Source\PSoC4/Counter_1_PM.c **** * Summary:
 137:.\Generated_Source\PSoC4/Counter_1_PM.c **** *  Restores and enables the user configuration
 138:.\Generated_Source\PSoC4/Counter_1_PM.c **** *  
 139:.\Generated_Source\PSoC4/Counter_1_PM.c **** * Parameters:  
 140:.\Generated_Source\PSoC4/Counter_1_PM.c **** *  void
 141:.\Generated_Source\PSoC4/Counter_1_PM.c **** *
 142:.\Generated_Source\PSoC4/Counter_1_PM.c **** * Return: 
 143:.\Generated_Source\PSoC4/Counter_1_PM.c **** *  void
 144:.\Generated_Source\PSoC4/Counter_1_PM.c **** *
 145:.\Generated_Source\PSoC4/Counter_1_PM.c **** * Global variables:
 146:.\Generated_Source\PSoC4/Counter_1_PM.c **** *  Counter_1_backup.enableState:  Is used to restore the enable state of 
 147:.\Generated_Source\PSoC4/Counter_1_PM.c **** *  block on wakeup from sleep mode.
 148:.\Generated_Source\PSoC4/Counter_1_PM.c **** *
 149:.\Generated_Source\PSoC4/Counter_1_PM.c **** *******************************************************************************/
 150:.\Generated_Source\PSoC4/Counter_1_PM.c **** void Counter_1_Wakeup(void) 
 151:.\Generated_Source\PSoC4/Counter_1_PM.c **** {
 118              		.loc 1 151 0
 119              		.cfi_startproc
 120 0000 08B5     		push	{r3, lr}
 121              		.cfi_def_cfa_offset 8
 122              		.cfi_offset 3, -8
 123              		.cfi_offset 14, -4
 152:.\Generated_Source\PSoC4/Counter_1_PM.c ****     Counter_1_RestoreConfig();
 124              		.loc 1 152 0
 125 0002 FFF7FEFF 		bl	Counter_1_RestoreConfig
 126              	.LVL4:
 153:.\Generated_Source\PSoC4/Counter_1_PM.c ****     #if(!Counter_1_ControlRegRemoved)
 154:.\Generated_Source\PSoC4/Counter_1_PM.c ****         if(Counter_1_backup.CounterEnableState == 1u)
 155:.\Generated_Source\PSoC4/Counter_1_PM.c ****         {
 156:.\Generated_Source\PSoC4/Counter_1_PM.c ****             /* Enable Counter's operation */
 157:.\Generated_Source\PSoC4/Counter_1_PM.c ****             Counter_1_Enable();
 158:.\Generated_Source\PSoC4/Counter_1_PM.c ****         } /* Do nothing if Counter was disabled before */    
 159:.\Generated_Source\PSoC4/Counter_1_PM.c ****     #endif /* (!Counter_1_ControlRegRemoved) */
ARM GAS  C:\Users\Moses\AppData\Local\Temp\ccACQ7Yf.s 			page 6


 160:.\Generated_Source\PSoC4/Counter_1_PM.c ****     
 161:.\Generated_Source\PSoC4/Counter_1_PM.c **** }
 127              		.loc 1 161 0
 128              		@ sp needed
 129 0006 08BD     		pop	{r3, pc}
 130              		.cfi_endproc
 131              	.LFE3:
 132              		.size	Counter_1_Wakeup, .-Counter_1_Wakeup
 133              		.bss
 134              		.align	2
 135              		.set	.LANCHOR0,. + 0
 136              		.type	Counter_1_backup, %object
 137              		.size	Counter_1_backup, 4
 138              	Counter_1_backup:
 139 0000 00000000 		.space	4
 140              		.text
 141              	.Letext0:
 142              		.file 2 ".\\Generated_Source\\PSoC4\\cytypes.h"
 143              		.file 3 ".\\Generated_Source\\PSoC4\\Counter_1.h"
 144              		.section	.debug_info,"",%progbits
 145              	.Ldebug_info0:
 146 0000 7F010000 		.4byte	0x17f
 147 0004 0400     		.2byte	0x4
 148 0006 00000000 		.4byte	.Ldebug_abbrev0
 149 000a 04       		.byte	0x4
 150 000b 01       		.uleb128 0x1
 151 000c E1010000 		.4byte	.LASF22
 152 0010 01       		.byte	0x1
 153 0011 9D010000 		.4byte	.LASF23
 154 0015 0E000000 		.4byte	.LASF24
 155 0019 00000000 		.4byte	.Ldebug_ranges0+0
 156 001d 00000000 		.4byte	0
 157 0021 00000000 		.4byte	.Ldebug_line0
 158 0025 02       		.uleb128 0x2
 159 0026 01       		.byte	0x1
 160 0027 06       		.byte	0x6
 161 0028 5D020000 		.4byte	.LASF0
 162 002c 02       		.uleb128 0x2
 163 002d 01       		.byte	0x1
 164 002e 08       		.byte	0x8
 165 002f D8000000 		.4byte	.LASF1
 166 0033 02       		.uleb128 0x2
 167 0034 02       		.byte	0x2
 168 0035 05       		.byte	0x5
 169 0036 C5010000 		.4byte	.LASF2
 170 003a 02       		.uleb128 0x2
 171 003b 02       		.byte	0x2
 172 003c 07       		.byte	0x7
 173 003d 55010000 		.4byte	.LASF3
 174 0041 02       		.uleb128 0x2
 175 0042 04       		.byte	0x4
 176 0043 05       		.byte	0x5
 177 0044 EB000000 		.4byte	.LASF4
 178 0048 02       		.uleb128 0x2
 179 0049 04       		.byte	0x4
 180 004a 07       		.byte	0x7
 181 004b 93000000 		.4byte	.LASF5
ARM GAS  C:\Users\Moses\AppData\Local\Temp\ccACQ7Yf.s 			page 7


 182 004f 02       		.uleb128 0x2
 183 0050 08       		.byte	0x8
 184 0051 05       		.byte	0x5
 185 0052 00000000 		.4byte	.LASF6
 186 0056 02       		.uleb128 0x2
 187 0057 08       		.byte	0x8
 188 0058 07       		.byte	0x7
 189 0059 A5000000 		.4byte	.LASF7
 190 005d 03       		.uleb128 0x3
 191 005e 04       		.byte	0x4
 192 005f 05       		.byte	0x5
 193 0060 696E7400 		.ascii	"int\000"
 194 0064 02       		.uleb128 0x2
 195 0065 04       		.byte	0x4
 196 0066 07       		.byte	0x7
 197 0067 7F010000 		.4byte	.LASF8
 198 006b 04       		.uleb128 0x4
 199 006c 8D000000 		.4byte	.LASF9
 200 0070 02       		.byte	0x2
 201 0071 B3       		.byte	0xb3
 202 0072 2C000000 		.4byte	0x2c
 203 0076 04       		.uleb128 0x4
 204 0077 CF010000 		.4byte	.LASF10
 205 007b 02       		.byte	0x2
 206 007c B4       		.byte	0xb4
 207 007d 3A000000 		.4byte	0x3a
 208 0081 02       		.uleb128 0x2
 209 0082 04       		.byte	0x4
 210 0083 04       		.byte	0x4
 211 0084 BC000000 		.4byte	.LASF11
 212 0088 02       		.uleb128 0x2
 213 0089 08       		.byte	0x8
 214 008a 04       		.byte	0x4
 215 008b 2E010000 		.4byte	.LASF12
 216 008f 02       		.uleb128 0x2
 217 0090 01       		.byte	0x1
 218 0091 08       		.byte	0x8
 219 0092 E6000000 		.4byte	.LASF13
 220 0096 02       		.uleb128 0x2
 221 0097 04       		.byte	0x4
 222 0098 07       		.byte	0x7
 223 0099 4C010000 		.4byte	.LASF14
 224 009d 05       		.uleb128 0x5
 225 009e 04       		.byte	0x4
 226 009f 03       		.byte	0x3
 227 00a0 40       		.byte	0x40
 228 00a1 BE000000 		.4byte	0xbe
 229 00a5 06       		.uleb128 0x6
 230 00a6 F4000000 		.4byte	.LASF15
 231 00aa 03       		.byte	0x3
 232 00ab 42       		.byte	0x42
 233 00ac 6B000000 		.4byte	0x6b
 234 00b0 00       		.byte	0
 235 00b1 06       		.uleb128 0x6
 236 00b2 D6010000 		.4byte	.LASF16
 237 00b6 03       		.byte	0x3
 238 00b7 43       		.byte	0x43
ARM GAS  C:\Users\Moses\AppData\Local\Temp\ccACQ7Yf.s 			page 8


 239 00b8 76000000 		.4byte	0x76
 240 00bc 02       		.byte	0x2
 241 00bd 00       		.byte	0
 242 00be 04       		.uleb128 0x4
 243 00bf 35010000 		.4byte	.LASF17
 244 00c3 03       		.byte	0x3
 245 00c4 49       		.byte	0x49
 246 00c5 9D000000 		.4byte	0x9d
 247 00c9 07       		.uleb128 0x7
 248 00ca 68000000 		.4byte	.LASF18
 249 00ce 01       		.byte	0x1
 250 00cf 2A       		.byte	0x2a
 251 00d0 00000000 		.4byte	.LFB0
 252 00d4 10000000 		.4byte	.LFE0-.LFB0
 253 00d8 01       		.uleb128 0x1
 254 00d9 9C       		.byte	0x9c
 255 00da E8000000 		.4byte	0xe8
 256 00de 08       		.uleb128 0x8
 257 00df 06000000 		.4byte	.LVL0
 258 00e3 5F010000 		.4byte	0x15f
 259 00e7 00       		.byte	0
 260 00e8 07       		.uleb128 0x7
 261 00e9 07010000 		.4byte	.LASF19
 262 00ed 01       		.byte	0x1
 263 00ee 4A       		.byte	0x4a
 264 00ef 00000000 		.4byte	.LFB1
 265 00f3 10000000 		.4byte	.LFE1-.LFB1
 266 00f7 01       		.uleb128 0x1
 267 00f8 9C       		.byte	0x9c
 268 00f9 07010000 		.4byte	0x107
 269 00fd 08       		.uleb128 0x8
 270 00fe 0A000000 		.4byte	.LVL1
 271 0102 6A010000 		.4byte	0x16a
 272 0106 00       		.byte	0
 273 0107 07       		.uleb128 0x7
 274 0108 7D000000 		.4byte	.LASF20
 275 010c 01       		.byte	0x1
 276 010d 69       		.byte	0x69
 277 010e 00000000 		.4byte	.LFB2
 278 0112 18000000 		.4byte	.LFE2-.LFB2
 279 0116 01       		.uleb128 0x1
 280 0117 9C       		.byte	0x9c
 281 0118 2F010000 		.4byte	0x12f
 282 011c 08       		.uleb128 0x8
 283 011d 0C000000 		.4byte	.LVL2
 284 0121 7B010000 		.4byte	0x17b
 285 0125 08       		.uleb128 0x8
 286 0126 10000000 		.4byte	.LVL3
 287 012a C9000000 		.4byte	0xc9
 288 012e 00       		.byte	0
 289 012f 07       		.uleb128 0x7
 290 0130 57000000 		.4byte	.LASF21
 291 0134 01       		.byte	0x1
 292 0135 96       		.byte	0x96
 293 0136 00000000 		.4byte	.LFB3
 294 013a 08000000 		.4byte	.LFE3-.LFB3
 295 013e 01       		.uleb128 0x1
ARM GAS  C:\Users\Moses\AppData\Local\Temp\ccACQ7Yf.s 			page 9


 296 013f 9C       		.byte	0x9c
 297 0140 4E010000 		.4byte	0x14e
 298 0144 08       		.uleb128 0x8
 299 0145 06000000 		.4byte	.LVL4
 300 0149 E8000000 		.4byte	0xe8
 301 014d 00       		.byte	0
 302 014e 09       		.uleb128 0x9
 303 014f 8C010000 		.4byte	.LASF25
 304 0153 01       		.byte	0x1
 305 0154 15       		.byte	0x15
 306 0155 BE000000 		.4byte	0xbe
 307 0159 05       		.uleb128 0x5
 308 015a 03       		.byte	0x3
 309 015b 00000000 		.4byte	Counter_1_backup
 310 015f 0A       		.uleb128 0xa
 311 0160 C2000000 		.4byte	.LASF26
 312 0164 03       		.byte	0x3
 313 0165 5D       		.byte	0x5d
 314 0166 76000000 		.4byte	0x76
 315 016a 0B       		.uleb128 0xb
 316 016b 68010000 		.4byte	.LASF27
 317 016f 03       		.byte	0x3
 318 0170 5A       		.byte	0x5a
 319 0171 7B010000 		.4byte	0x17b
 320 0175 0C       		.uleb128 0xc
 321 0176 76000000 		.4byte	0x76
 322 017a 00       		.byte	0
 323 017b 0D       		.uleb128 0xd
 324 017c 1F010000 		.4byte	.LASF28
 325 0180 03       		.byte	0x3
 326 0181 50       		.byte	0x50
 327 0182 00       		.byte	0
 328              		.section	.debug_abbrev,"",%progbits
 329              	.Ldebug_abbrev0:
 330 0000 01       		.uleb128 0x1
 331 0001 11       		.uleb128 0x11
 332 0002 01       		.byte	0x1
 333 0003 25       		.uleb128 0x25
 334 0004 0E       		.uleb128 0xe
 335 0005 13       		.uleb128 0x13
 336 0006 0B       		.uleb128 0xb
 337 0007 03       		.uleb128 0x3
 338 0008 0E       		.uleb128 0xe
 339 0009 1B       		.uleb128 0x1b
 340 000a 0E       		.uleb128 0xe
 341 000b 55       		.uleb128 0x55
 342 000c 17       		.uleb128 0x17
 343 000d 11       		.uleb128 0x11
 344 000e 01       		.uleb128 0x1
 345 000f 10       		.uleb128 0x10
 346 0010 17       		.uleb128 0x17
 347 0011 00       		.byte	0
 348 0012 00       		.byte	0
 349 0013 02       		.uleb128 0x2
 350 0014 24       		.uleb128 0x24
 351 0015 00       		.byte	0
 352 0016 0B       		.uleb128 0xb
ARM GAS  C:\Users\Moses\AppData\Local\Temp\ccACQ7Yf.s 			page 10


 353 0017 0B       		.uleb128 0xb
 354 0018 3E       		.uleb128 0x3e
 355 0019 0B       		.uleb128 0xb
 356 001a 03       		.uleb128 0x3
 357 001b 0E       		.uleb128 0xe
 358 001c 00       		.byte	0
 359 001d 00       		.byte	0
 360 001e 03       		.uleb128 0x3
 361 001f 24       		.uleb128 0x24
 362 0020 00       		.byte	0
 363 0021 0B       		.uleb128 0xb
 364 0022 0B       		.uleb128 0xb
 365 0023 3E       		.uleb128 0x3e
 366 0024 0B       		.uleb128 0xb
 367 0025 03       		.uleb128 0x3
 368 0026 08       		.uleb128 0x8
 369 0027 00       		.byte	0
 370 0028 00       		.byte	0
 371 0029 04       		.uleb128 0x4
 372 002a 16       		.uleb128 0x16
 373 002b 00       		.byte	0
 374 002c 03       		.uleb128 0x3
 375 002d 0E       		.uleb128 0xe
 376 002e 3A       		.uleb128 0x3a
 377 002f 0B       		.uleb128 0xb
 378 0030 3B       		.uleb128 0x3b
 379 0031 0B       		.uleb128 0xb
 380 0032 49       		.uleb128 0x49
 381 0033 13       		.uleb128 0x13
 382 0034 00       		.byte	0
 383 0035 00       		.byte	0
 384 0036 05       		.uleb128 0x5
 385 0037 13       		.uleb128 0x13
 386 0038 01       		.byte	0x1
 387 0039 0B       		.uleb128 0xb
 388 003a 0B       		.uleb128 0xb
 389 003b 3A       		.uleb128 0x3a
 390 003c 0B       		.uleb128 0xb
 391 003d 3B       		.uleb128 0x3b
 392 003e 0B       		.uleb128 0xb
 393 003f 01       		.uleb128 0x1
 394 0040 13       		.uleb128 0x13
 395 0041 00       		.byte	0
 396 0042 00       		.byte	0
 397 0043 06       		.uleb128 0x6
 398 0044 0D       		.uleb128 0xd
 399 0045 00       		.byte	0
 400 0046 03       		.uleb128 0x3
 401 0047 0E       		.uleb128 0xe
 402 0048 3A       		.uleb128 0x3a
 403 0049 0B       		.uleb128 0xb
 404 004a 3B       		.uleb128 0x3b
 405 004b 0B       		.uleb128 0xb
 406 004c 49       		.uleb128 0x49
 407 004d 13       		.uleb128 0x13
 408 004e 38       		.uleb128 0x38
 409 004f 0B       		.uleb128 0xb
ARM GAS  C:\Users\Moses\AppData\Local\Temp\ccACQ7Yf.s 			page 11


 410 0050 00       		.byte	0
 411 0051 00       		.byte	0
 412 0052 07       		.uleb128 0x7
 413 0053 2E       		.uleb128 0x2e
 414 0054 01       		.byte	0x1
 415 0055 3F       		.uleb128 0x3f
 416 0056 19       		.uleb128 0x19
 417 0057 03       		.uleb128 0x3
 418 0058 0E       		.uleb128 0xe
 419 0059 3A       		.uleb128 0x3a
 420 005a 0B       		.uleb128 0xb
 421 005b 3B       		.uleb128 0x3b
 422 005c 0B       		.uleb128 0xb
 423 005d 27       		.uleb128 0x27
 424 005e 19       		.uleb128 0x19
 425 005f 11       		.uleb128 0x11
 426 0060 01       		.uleb128 0x1
 427 0061 12       		.uleb128 0x12
 428 0062 06       		.uleb128 0x6
 429 0063 40       		.uleb128 0x40
 430 0064 18       		.uleb128 0x18
 431 0065 9742     		.uleb128 0x2117
 432 0067 19       		.uleb128 0x19
 433 0068 01       		.uleb128 0x1
 434 0069 13       		.uleb128 0x13
 435 006a 00       		.byte	0
 436 006b 00       		.byte	0
 437 006c 08       		.uleb128 0x8
 438 006d 898201   		.uleb128 0x4109
 439 0070 00       		.byte	0
 440 0071 11       		.uleb128 0x11
 441 0072 01       		.uleb128 0x1
 442 0073 31       		.uleb128 0x31
 443 0074 13       		.uleb128 0x13
 444 0075 00       		.byte	0
 445 0076 00       		.byte	0
 446 0077 09       		.uleb128 0x9
 447 0078 34       		.uleb128 0x34
 448 0079 00       		.byte	0
 449 007a 03       		.uleb128 0x3
 450 007b 0E       		.uleb128 0xe
 451 007c 3A       		.uleb128 0x3a
 452 007d 0B       		.uleb128 0xb
 453 007e 3B       		.uleb128 0x3b
 454 007f 0B       		.uleb128 0xb
 455 0080 49       		.uleb128 0x49
 456 0081 13       		.uleb128 0x13
 457 0082 02       		.uleb128 0x2
 458 0083 18       		.uleb128 0x18
 459 0084 00       		.byte	0
 460 0085 00       		.byte	0
 461 0086 0A       		.uleb128 0xa
 462 0087 2E       		.uleb128 0x2e
 463 0088 00       		.byte	0
 464 0089 3F       		.uleb128 0x3f
 465 008a 19       		.uleb128 0x19
 466 008b 03       		.uleb128 0x3
ARM GAS  C:\Users\Moses\AppData\Local\Temp\ccACQ7Yf.s 			page 12


 467 008c 0E       		.uleb128 0xe
 468 008d 3A       		.uleb128 0x3a
 469 008e 0B       		.uleb128 0xb
 470 008f 3B       		.uleb128 0x3b
 471 0090 0B       		.uleb128 0xb
 472 0091 27       		.uleb128 0x27
 473 0092 19       		.uleb128 0x19
 474 0093 49       		.uleb128 0x49
 475 0094 13       		.uleb128 0x13
 476 0095 3C       		.uleb128 0x3c
 477 0096 19       		.uleb128 0x19
 478 0097 00       		.byte	0
 479 0098 00       		.byte	0
 480 0099 0B       		.uleb128 0xb
 481 009a 2E       		.uleb128 0x2e
 482 009b 01       		.byte	0x1
 483 009c 3F       		.uleb128 0x3f
 484 009d 19       		.uleb128 0x19
 485 009e 03       		.uleb128 0x3
 486 009f 0E       		.uleb128 0xe
 487 00a0 3A       		.uleb128 0x3a
 488 00a1 0B       		.uleb128 0xb
 489 00a2 3B       		.uleb128 0x3b
 490 00a3 0B       		.uleb128 0xb
 491 00a4 27       		.uleb128 0x27
 492 00a5 19       		.uleb128 0x19
 493 00a6 3C       		.uleb128 0x3c
 494 00a7 19       		.uleb128 0x19
 495 00a8 01       		.uleb128 0x1
 496 00a9 13       		.uleb128 0x13
 497 00aa 00       		.byte	0
 498 00ab 00       		.byte	0
 499 00ac 0C       		.uleb128 0xc
 500 00ad 05       		.uleb128 0x5
 501 00ae 00       		.byte	0
 502 00af 49       		.uleb128 0x49
 503 00b0 13       		.uleb128 0x13
 504 00b1 00       		.byte	0
 505 00b2 00       		.byte	0
 506 00b3 0D       		.uleb128 0xd
 507 00b4 2E       		.uleb128 0x2e
 508 00b5 00       		.byte	0
 509 00b6 3F       		.uleb128 0x3f
 510 00b7 19       		.uleb128 0x19
 511 00b8 03       		.uleb128 0x3
 512 00b9 0E       		.uleb128 0xe
 513 00ba 3A       		.uleb128 0x3a
 514 00bb 0B       		.uleb128 0xb
 515 00bc 3B       		.uleb128 0x3b
 516 00bd 0B       		.uleb128 0xb
 517 00be 27       		.uleb128 0x27
 518 00bf 19       		.uleb128 0x19
 519 00c0 3C       		.uleb128 0x3c
 520 00c1 19       		.uleb128 0x19
 521 00c2 00       		.byte	0
 522 00c3 00       		.byte	0
 523 00c4 00       		.byte	0
ARM GAS  C:\Users\Moses\AppData\Local\Temp\ccACQ7Yf.s 			page 13


 524              		.section	.debug_aranges,"",%progbits
 525 0000 34000000 		.4byte	0x34
 526 0004 0200     		.2byte	0x2
 527 0006 00000000 		.4byte	.Ldebug_info0
 528 000a 04       		.byte	0x4
 529 000b 00       		.byte	0
 530 000c 0000     		.2byte	0
 531 000e 0000     		.2byte	0
 532 0010 00000000 		.4byte	.LFB0
 533 0014 10000000 		.4byte	.LFE0-.LFB0
 534 0018 00000000 		.4byte	.LFB1
 535 001c 10000000 		.4byte	.LFE1-.LFB1
 536 0020 00000000 		.4byte	.LFB2
 537 0024 18000000 		.4byte	.LFE2-.LFB2
 538 0028 00000000 		.4byte	.LFB3
 539 002c 08000000 		.4byte	.LFE3-.LFB3
 540 0030 00000000 		.4byte	0
 541 0034 00000000 		.4byte	0
 542              		.section	.debug_ranges,"",%progbits
 543              	.Ldebug_ranges0:
 544 0000 00000000 		.4byte	.LFB0
 545 0004 10000000 		.4byte	.LFE0
 546 0008 00000000 		.4byte	.LFB1
 547 000c 10000000 		.4byte	.LFE1
 548 0010 00000000 		.4byte	.LFB2
 549 0014 18000000 		.4byte	.LFE2
 550 0018 00000000 		.4byte	.LFB3
 551 001c 08000000 		.4byte	.LFE3
 552 0020 00000000 		.4byte	0
 553 0024 00000000 		.4byte	0
 554              		.section	.debug_line,"",%progbits
 555              	.Ldebug_line0:
 556 0000 AD000000 		.section	.debug_str,"MS",%progbits,1
 556      02005A00 
 556      00000201 
 556      FB0E0D00 
 556      01010101 
 557              	.LASF6:
 558 0000 6C6F6E67 		.ascii	"long long int\000"
 558      206C6F6E 
 558      6720696E 
 558      7400
 559              	.LASF24:
 560 000e 453A5C44 		.ascii	"E:\\Documents\\GitHub\\bq2002-chip-tester\\bq2002 T"
 560      6F63756D 
 560      656E7473 
 560      5C476974 
 560      4875625C 
 561 003d 65737465 		.ascii	"ester\\bq2002 Tester.cydsn\000"
 561      725C6271 
 561      32303032 
 561      20546573 
 561      7465722E 
 562              	.LASF21:
 563 0057 436F756E 		.ascii	"Counter_1_Wakeup\000"
 563      7465725F 
 563      315F5761 
ARM GAS  C:\Users\Moses\AppData\Local\Temp\ccACQ7Yf.s 			page 14


 563      6B657570 
 563      00
 564              	.LASF18:
 565 0068 436F756E 		.ascii	"Counter_1_SaveConfig\000"
 565      7465725F 
 565      315F5361 
 565      7665436F 
 565      6E666967 
 566              	.LASF20:
 567 007d 436F756E 		.ascii	"Counter_1_Sleep\000"
 567      7465725F 
 567      315F536C 
 567      65657000 
 568              	.LASF9:
 569 008d 75696E74 		.ascii	"uint8\000"
 569      3800
 570              	.LASF5:
 571 0093 6C6F6E67 		.ascii	"long unsigned int\000"
 571      20756E73 
 571      69676E65 
 571      6420696E 
 571      7400
 572              	.LASF7:
 573 00a5 6C6F6E67 		.ascii	"long long unsigned int\000"
 573      206C6F6E 
 573      6720756E 
 573      7369676E 
 573      65642069 
 574              	.LASF11:
 575 00bc 666C6F61 		.ascii	"float\000"
 575      7400
 576              	.LASF26:
 577 00c2 436F756E 		.ascii	"Counter_1_ReadCounter\000"
 577      7465725F 
 577      315F5265 
 577      6164436F 
 577      756E7465 
 578              	.LASF1:
 579 00d8 756E7369 		.ascii	"unsigned char\000"
 579      676E6564 
 579      20636861 
 579      7200
 580              	.LASF13:
 581 00e6 63686172 		.ascii	"char\000"
 581      00
 582              	.LASF4:
 583 00eb 6C6F6E67 		.ascii	"long int\000"
 583      20696E74 
 583      00
 584              	.LASF15:
 585 00f4 436F756E 		.ascii	"CounterEnableState\000"
 585      74657245 
 585      6E61626C 
 585      65537461 
 585      746500
 586              	.LASF19:
 587 0107 436F756E 		.ascii	"Counter_1_RestoreConfig\000"
ARM GAS  C:\Users\Moses\AppData\Local\Temp\ccACQ7Yf.s 			page 15


 587      7465725F 
 587      315F5265 
 587      73746F72 
 587      65436F6E 
 588              	.LASF28:
 589 011f 436F756E 		.ascii	"Counter_1_Stop\000"
 589      7465725F 
 589      315F5374 
 589      6F7000
 590              	.LASF12:
 591 012e 646F7562 		.ascii	"double\000"
 591      6C6500
 592              	.LASF17:
 593 0135 436F756E 		.ascii	"Counter_1_backupStruct\000"
 593      7465725F 
 593      315F6261 
 593      636B7570 
 593      53747275 
 594              	.LASF14:
 595 014c 73697A65 		.ascii	"sizetype\000"
 595      74797065 
 595      00
 596              	.LASF3:
 597 0155 73686F72 		.ascii	"short unsigned int\000"
 597      7420756E 
 597      7369676E 
 597      65642069 
 597      6E7400
 598              	.LASF27:
 599 0168 436F756E 		.ascii	"Counter_1_WriteCounter\000"
 599      7465725F 
 599      315F5772 
 599      69746543 
 599      6F756E74 
 600              	.LASF8:
 601 017f 756E7369 		.ascii	"unsigned int\000"
 601      676E6564 
 601      20696E74 
 601      00
 602              	.LASF25:
 603 018c 436F756E 		.ascii	"Counter_1_backup\000"
 603      7465725F 
 603      315F6261 
 603      636B7570 
 603      00
 604              	.LASF23:
 605 019d 2E5C4765 		.ascii	".\\Generated_Source\\PSoC4\\Counter_1_PM.c\000"
 605      6E657261 
 605      7465645F 
 605      536F7572 
 605      63655C50 
 606              	.LASF2:
 607 01c5 73686F72 		.ascii	"short int\000"
 607      7420696E 
 607      7400
 608              	.LASF10:
 609 01cf 75696E74 		.ascii	"uint16\000"
ARM GAS  C:\Users\Moses\AppData\Local\Temp\ccACQ7Yf.s 			page 16


 609      313600
 610              	.LASF16:
 611 01d6 436F756E 		.ascii	"CounterUdb\000"
 611      74657255 
 611      646200
 612              	.LASF22:
 613 01e1 474E5520 		.ascii	"GNU C 4.8.4 20140526 (release) [ARM/embedded-4_8-br"
 613      4320342E 
 613      382E3420 
 613      32303134 
 613      30353236 
 614 0214 616E6368 		.ascii	"anch revision 211358] -mcpu=cortex-m0 -mthumb -g -O"
 614      20726576 
 614      6973696F 
 614      6E203231 
 614      31333538 
 615 0247 67202D66 		.ascii	"g -ffunction-sections\000"
 615      66756E63 
 615      74696F6E 
 615      2D736563 
 615      74696F6E 
 616              	.LASF0:
 617 025d 7369676E 		.ascii	"signed char\000"
 617      65642063 
 617      68617200 
 618              		.ident	"GCC: (GNU Tools for ARM Embedded Processors) 4.8.4 20140526 (release) [ARM/embedded-4_8-br
