ARM GAS  C:\Users\Moses\AppData\Local\Temp\ccdJkfgI.s 			page 1


   1              		.cpu cortex-m0
   2              		.fpu softvfp
   3              		.eabi_attribute 20, 1
   4              		.eabi_attribute 21, 1
   5              		.eabi_attribute 23, 3
   6              		.eabi_attribute 24, 1
   7              		.eabi_attribute 25, 1
   8              		.eabi_attribute 26, 1
   9              		.eabi_attribute 30, 1
  10              		.eabi_attribute 34, 0
  11              		.eabi_attribute 18, 4
  12              		.code	16
  13              		.file	"IDAC_1.c"
  14              		.text
  15              	.Ltext0:
  16              		.cfi_sections	.debug_frame
  17              		.section	.text.IDAC_1_Init,"ax",%progbits
  18              		.align	2
  19              		.global	IDAC_1_Init
  20              		.code	16
  21              		.thumb_func
  22              		.type	IDAC_1_Init, %function
  23              	IDAC_1_Init:
  24              	.LFB0:
  25              		.file 1 ".\\Generated_Source\\PSoC4\\IDAC_1.c"
   1:.\Generated_Source\PSoC4/IDAC_1.c **** /*******************************************************************************
   2:.\Generated_Source\PSoC4/IDAC_1.c **** * File Name: IDAC_1.c
   3:.\Generated_Source\PSoC4/IDAC_1.c **** * Version 1.10
   4:.\Generated_Source\PSoC4/IDAC_1.c **** *
   5:.\Generated_Source\PSoC4/IDAC_1.c **** * Description:
   6:.\Generated_Source\PSoC4/IDAC_1.c **** *  This file provides the source code of APIs for the IDAC_P4 component.
   7:.\Generated_Source\PSoC4/IDAC_1.c **** *
   8:.\Generated_Source\PSoC4/IDAC_1.c **** *******************************************************************************
   9:.\Generated_Source\PSoC4/IDAC_1.c **** * Copyright 2013-2015, Cypress Semiconductor Corporation.  All rights reserved.
  10:.\Generated_Source\PSoC4/IDAC_1.c **** * You may use this file only in accordance with the license, terms, conditions,
  11:.\Generated_Source\PSoC4/IDAC_1.c **** * disclaimers, and limitations in the end user license agreement accompanying
  12:.\Generated_Source\PSoC4/IDAC_1.c **** * the software package with which this file was provided.
  13:.\Generated_Source\PSoC4/IDAC_1.c **** *******************************************************************************/
  14:.\Generated_Source\PSoC4/IDAC_1.c **** 
  15:.\Generated_Source\PSoC4/IDAC_1.c **** #include "IDAC_1.h"
  16:.\Generated_Source\PSoC4/IDAC_1.c **** 
  17:.\Generated_Source\PSoC4/IDAC_1.c **** uint32 IDAC_1_initVar = 0u;
  18:.\Generated_Source\PSoC4/IDAC_1.c **** 
  19:.\Generated_Source\PSoC4/IDAC_1.c **** 
  20:.\Generated_Source\PSoC4/IDAC_1.c **** /*******************************************************************************
  21:.\Generated_Source\PSoC4/IDAC_1.c **** * Function Name: IDAC_1_Init
  22:.\Generated_Source\PSoC4/IDAC_1.c **** ********************************************************************************
  23:.\Generated_Source\PSoC4/IDAC_1.c **** *
  24:.\Generated_Source\PSoC4/IDAC_1.c **** * Summary:
  25:.\Generated_Source\PSoC4/IDAC_1.c **** *  Initializes IDAC registers with initial values provided from customizer.
  26:.\Generated_Source\PSoC4/IDAC_1.c **** *
  27:.\Generated_Source\PSoC4/IDAC_1.c **** * Parameters:
  28:.\Generated_Source\PSoC4/IDAC_1.c **** *  None
  29:.\Generated_Source\PSoC4/IDAC_1.c **** *
  30:.\Generated_Source\PSoC4/IDAC_1.c **** * Return:
  31:.\Generated_Source\PSoC4/IDAC_1.c **** *  None
  32:.\Generated_Source\PSoC4/IDAC_1.c **** *
ARM GAS  C:\Users\Moses\AppData\Local\Temp\ccdJkfgI.s 			page 2


  33:.\Generated_Source\PSoC4/IDAC_1.c **** * Global variables:
  34:.\Generated_Source\PSoC4/IDAC_1.c **** *  None
  35:.\Generated_Source\PSoC4/IDAC_1.c **** *
  36:.\Generated_Source\PSoC4/IDAC_1.c **** *******************************************************************************/
  37:.\Generated_Source\PSoC4/IDAC_1.c **** void IDAC_1_Init(void)
  38:.\Generated_Source\PSoC4/IDAC_1.c **** {
  26              		.loc 1 38 0
  27              		.cfi_startproc
  28 0000 10B5     		push	{r4, lr}
  29              		.cfi_def_cfa_offset 8
  30              		.cfi_offset 4, -8
  31              		.cfi_offset 14, -4
  39:.\Generated_Source\PSoC4/IDAC_1.c ****     uint32 regVal;
  40:.\Generated_Source\PSoC4/IDAC_1.c ****     uint8 enableInterrupts;
  41:.\Generated_Source\PSoC4/IDAC_1.c **** 
  42:.\Generated_Source\PSoC4/IDAC_1.c ****     /* Set initial configuration */
  43:.\Generated_Source\PSoC4/IDAC_1.c ****     enableInterrupts = CyEnterCriticalSection();
  32              		.loc 1 43 0
  33 0002 FFF7FEFF 		bl	CyEnterCriticalSection
  34              	.LVL0:
  44:.\Generated_Source\PSoC4/IDAC_1.c ****     
  45:.\Generated_Source\PSoC4/IDAC_1.c ****     #if(IDAC_1_MODE_SOURCE == IDAC_1_IDAC_POLARITY)
  46:.\Generated_Source\PSoC4/IDAC_1.c ****         regVal  = IDAC_1_CSD_TRIM1_REG & ~(IDAC_1_CSD_IDAC_TRIM1_MASK);
  35              		.loc 1 46 0
  36 0006 0D4B     		ldr	r3, .L2
  37 0008 1968     		ldr	r1, [r3]
  38 000a 0F22     		mov	r2, #15
  39 000c 9143     		bic	r1, r2
  40              	.LVL1:
  47:.\Generated_Source\PSoC4/IDAC_1.c ****         regVal |=  (IDAC_1_SFLASH_TRIM1_REG & IDAC_1_CSD_IDAC_TRIM1_MASK);
  41              		.loc 1 47 0
  42 000e 0C4A     		ldr	r2, .L2+4
  43 0010 1478     		ldrb	r4, [r2]
  44 0012 0F22     		mov	r2, #15
  45 0014 2240     		and	r2, r4
  46 0016 0A43     		orr	r2, r1
  47              	.LVL2:
  48:.\Generated_Source\PSoC4/IDAC_1.c ****         IDAC_1_CSD_TRIM1_REG = regVal;
  48              		.loc 1 48 0
  49 0018 1A60     		str	r2, [r3]
  49:.\Generated_Source\PSoC4/IDAC_1.c ****     #else
  50:.\Generated_Source\PSoC4/IDAC_1.c ****         regVal  = IDAC_1_CSD_TRIM2_REG & ~(IDAC_1_CSD_IDAC_TRIM2_MASK);
  51:.\Generated_Source\PSoC4/IDAC_1.c ****         regVal |=  (IDAC_1_SFLASH_TRIM2_REG & IDAC_1_CSD_IDAC_TRIM2_MASK);
  52:.\Generated_Source\PSoC4/IDAC_1.c ****         IDAC_1_CSD_TRIM2_REG = regVal;
  53:.\Generated_Source\PSoC4/IDAC_1.c ****     #endif /* (IDAC_1_MODE_SOURCE == IDAC_1_IDAC_POLARITY) */
  54:.\Generated_Source\PSoC4/IDAC_1.c **** 
  55:.\Generated_Source\PSoC4/IDAC_1.c ****     /* clear previous values */
  56:.\Generated_Source\PSoC4/IDAC_1.c ****     IDAC_1_IDAC_CONTROL_REG &= ((uint32)~((uint32)IDAC_1_IDAC_VALUE_MASK <<
  50              		.loc 1 56 0
  51 001a 0A4A     		ldr	r2, .L2+8
  52              	.LVL3:
  53 001c 1368     		ldr	r3, [r2]
  54              	.LVL4:
  55 001e 1360     		str	r3, [r2]
  56              	.LVL5:
  57:.\Generated_Source\PSoC4/IDAC_1.c ****         IDAC_1_IDAC_VALUE_POSITION)) | ((uint32)~((uint32)IDAC_1_IDAC_MODE_MASK <<
  58:.\Generated_Source\PSoC4/IDAC_1.c ****         IDAC_1_IDAC_MODE_POSITION))  | ((uint32)~((uint32)IDAC_1_IDAC_RANGE_MASK  <<
ARM GAS  C:\Users\Moses\AppData\Local\Temp\ccdJkfgI.s 			page 3


  59:.\Generated_Source\PSoC4/IDAC_1.c ****         IDAC_1_IDAC_RANGE_POSITION));
  60:.\Generated_Source\PSoC4/IDAC_1.c **** 
  61:.\Generated_Source\PSoC4/IDAC_1.c ****     IDAC_1_IDAC_POLARITY_CONTROL_REG &= (~(uint32)((uint32)IDAC_1_IDAC_POLARITY_MASK <<
  57              		.loc 1 61 0
  58 0020 094B     		ldr	r3, .L2+12
  59 0022 1C68     		ldr	r4, [r3]
  60              	.LVL6:
  61 0024 0949     		ldr	r1, .L2+16
  62 0026 2140     		and	r1, r4
  63 0028 1960     		str	r1, [r3]
  62:.\Generated_Source\PSoC4/IDAC_1.c ****         IDAC_1_IDAC_POLARITY_POSITION));
  63:.\Generated_Source\PSoC4/IDAC_1.c **** 
  64:.\Generated_Source\PSoC4/IDAC_1.c ****     /* set new configuration */
  65:.\Generated_Source\PSoC4/IDAC_1.c ****     IDAC_1_IDAC_CONTROL_REG |= (((uint32)IDAC_1_IDAC_INIT_VALUE <<
  64              		.loc 1 65 0
  65 002a 1468     		ldr	r4, [r2]
  66 002c 7821     		mov	r1, #120
  67 002e 2143     		orr	r1, r4
  68 0030 1160     		str	r1, [r2]
  66:.\Generated_Source\PSoC4/IDAC_1.c ****         IDAC_1_IDAC_VALUE_POSITION) | ((uint32)IDAC_1_IDAC_RANGE <<
  67:.\Generated_Source\PSoC4/IDAC_1.c ****         IDAC_1_IDAC_RANGE_POSITION));
  68:.\Generated_Source\PSoC4/IDAC_1.c **** 
  69:.\Generated_Source\PSoC4/IDAC_1.c ****     IDAC_1_IDAC_POLARITY_CONTROL_REG |= ((uint32)IDAC_1_IDAC_POLARITY <<
  69              		.loc 1 69 0
  70 0032 1A68     		ldr	r2, [r3]
  71 0034 1A60     		str	r2, [r3]
  70:.\Generated_Source\PSoC4/IDAC_1.c ****                                                            IDAC_1_IDAC_POLARITY_POSITION);
  71:.\Generated_Source\PSoC4/IDAC_1.c **** 
  72:.\Generated_Source\PSoC4/IDAC_1.c ****     CyExitCriticalSection(enableInterrupts);
  72              		.loc 1 72 0
  73 0036 FFF7FEFF 		bl	CyExitCriticalSection
  74              	.LVL7:
  73:.\Generated_Source\PSoC4/IDAC_1.c **** 
  74:.\Generated_Source\PSoC4/IDAC_1.c **** }
  75              		.loc 1 74 0
  76              		@ sp needed
  77 003a 10BD     		pop	{r4, pc}
  78              	.L3:
  79              		.align	2
  80              	.L2:
  81 003c 00FF0840 		.word	1074331392
  82 0040 60F1FF0F 		.word	268431712
  83 0044 08000840 		.word	1074266120
  84 0048 04000840 		.word	1074266116
  85 004c FFFFFEFF 		.word	-65537
  86              		.cfi_endproc
  87              	.LFE0:
  88              		.size	IDAC_1_Init, .-IDAC_1_Init
  89              		.section	.text.IDAC_1_Enable,"ax",%progbits
  90              		.align	2
  91              		.global	IDAC_1_Enable
  92              		.code	16
  93              		.thumb_func
  94              		.type	IDAC_1_Enable, %function
  95              	IDAC_1_Enable:
  96              	.LFB1:
  75:.\Generated_Source\PSoC4/IDAC_1.c **** 
ARM GAS  C:\Users\Moses\AppData\Local\Temp\ccdJkfgI.s 			page 4


  76:.\Generated_Source\PSoC4/IDAC_1.c **** 
  77:.\Generated_Source\PSoC4/IDAC_1.c **** /*******************************************************************************
  78:.\Generated_Source\PSoC4/IDAC_1.c **** * Function Name: IDAC_1_Enable
  79:.\Generated_Source\PSoC4/IDAC_1.c **** ********************************************************************************
  80:.\Generated_Source\PSoC4/IDAC_1.c **** *
  81:.\Generated_Source\PSoC4/IDAC_1.c **** * Summary:
  82:.\Generated_Source\PSoC4/IDAC_1.c **** *  Enables IDAC operations.
  83:.\Generated_Source\PSoC4/IDAC_1.c **** *
  84:.\Generated_Source\PSoC4/IDAC_1.c **** * Parameters:
  85:.\Generated_Source\PSoC4/IDAC_1.c **** *  None
  86:.\Generated_Source\PSoC4/IDAC_1.c **** *
  87:.\Generated_Source\PSoC4/IDAC_1.c **** * Return:
  88:.\Generated_Source\PSoC4/IDAC_1.c **** *  None
  89:.\Generated_Source\PSoC4/IDAC_1.c **** *
  90:.\Generated_Source\PSoC4/IDAC_1.c **** * Global variables:
  91:.\Generated_Source\PSoC4/IDAC_1.c **** *  None
  92:.\Generated_Source\PSoC4/IDAC_1.c **** *
  93:.\Generated_Source\PSoC4/IDAC_1.c **** *******************************************************************************/
  94:.\Generated_Source\PSoC4/IDAC_1.c **** void IDAC_1_Enable(void)
  95:.\Generated_Source\PSoC4/IDAC_1.c **** {
  97              		.loc 1 95 0
  98              		.cfi_startproc
  99 0000 08B5     		push	{r3, lr}
 100              		.cfi_def_cfa_offset 8
 101              		.cfi_offset 3, -8
 102              		.cfi_offset 14, -4
  96:.\Generated_Source\PSoC4/IDAC_1.c ****     uint8 enableInterrupts;
  97:.\Generated_Source\PSoC4/IDAC_1.c **** 
  98:.\Generated_Source\PSoC4/IDAC_1.c ****     enableInterrupts = CyEnterCriticalSection();
 103              		.loc 1 98 0
 104 0002 FFF7FEFF 		bl	CyEnterCriticalSection
 105              	.LVL8:
  99:.\Generated_Source\PSoC4/IDAC_1.c **** 
 100:.\Generated_Source\PSoC4/IDAC_1.c ****     /* Enable the IDAC */
 101:.\Generated_Source\PSoC4/IDAC_1.c ****     IDAC_1_IDAC_CONTROL_REG |= ((uint32)IDAC_1_IDAC_EN_MODE <<
 106              		.loc 1 101 0
 107 0006 074B     		ldr	r3, .L5
 108 0008 1968     		ldr	r1, [r3]
 109 000a C022     		mov	r2, #192
 110 000c 9200     		lsl	r2, r2, #2
 111 000e 0A43     		orr	r2, r1
 112 0010 1A60     		str	r2, [r3]
 102:.\Generated_Source\PSoC4/IDAC_1.c ****                                                   IDAC_1_IDAC_MODE_POSITION);
 103:.\Generated_Source\PSoC4/IDAC_1.c ****     IDAC_1_IDAC_POLARITY_CONTROL_REG |= ((uint32)IDAC_1_IDAC_CSD_EN <<
 113              		.loc 1 103 0
 114 0012 054B     		ldr	r3, .L5+4
 115 0014 1968     		ldr	r1, [r3]
 116 0016 8022     		mov	r2, #128
 117 0018 1206     		lsl	r2, r2, #24
 118 001a 0A43     		orr	r2, r1
 119 001c 1A60     		str	r2, [r3]
 104:.\Generated_Source\PSoC4/IDAC_1.c ****                                                            IDAC_1_IDAC_CSD_EN_POSITION);
 105:.\Generated_Source\PSoC4/IDAC_1.c ****     CyExitCriticalSection(enableInterrupts);
 120              		.loc 1 105 0
 121 001e FFF7FEFF 		bl	CyExitCriticalSection
 122              	.LVL9:
 106:.\Generated_Source\PSoC4/IDAC_1.c **** 
ARM GAS  C:\Users\Moses\AppData\Local\Temp\ccdJkfgI.s 			page 5


 107:.\Generated_Source\PSoC4/IDAC_1.c **** }
 123              		.loc 1 107 0
 124              		@ sp needed
 125 0022 08BD     		pop	{r3, pc}
 126              	.L6:
 127              		.align	2
 128              	.L5:
 129 0024 08000840 		.word	1074266120
 130 0028 04000840 		.word	1074266116
 131              		.cfi_endproc
 132              	.LFE1:
 133              		.size	IDAC_1_Enable, .-IDAC_1_Enable
 134              		.section	.text.IDAC_1_Start,"ax",%progbits
 135              		.align	2
 136              		.global	IDAC_1_Start
 137              		.code	16
 138              		.thumb_func
 139              		.type	IDAC_1_Start, %function
 140              	IDAC_1_Start:
 141              	.LFB2:
 108:.\Generated_Source\PSoC4/IDAC_1.c **** 
 109:.\Generated_Source\PSoC4/IDAC_1.c **** 
 110:.\Generated_Source\PSoC4/IDAC_1.c **** /*******************************************************************************
 111:.\Generated_Source\PSoC4/IDAC_1.c **** * Function Name: IDAC_1_Start
 112:.\Generated_Source\PSoC4/IDAC_1.c **** ********************************************************************************
 113:.\Generated_Source\PSoC4/IDAC_1.c **** *
 114:.\Generated_Source\PSoC4/IDAC_1.c **** * Summary:
 115:.\Generated_Source\PSoC4/IDAC_1.c **** *  Starts the IDAC hardware.
 116:.\Generated_Source\PSoC4/IDAC_1.c **** *
 117:.\Generated_Source\PSoC4/IDAC_1.c **** * Parameters:
 118:.\Generated_Source\PSoC4/IDAC_1.c **** *  None
 119:.\Generated_Source\PSoC4/IDAC_1.c **** *
 120:.\Generated_Source\PSoC4/IDAC_1.c **** * Return:
 121:.\Generated_Source\PSoC4/IDAC_1.c **** *  None
 122:.\Generated_Source\PSoC4/IDAC_1.c **** *
 123:.\Generated_Source\PSoC4/IDAC_1.c **** * Global variables:
 124:.\Generated_Source\PSoC4/IDAC_1.c **** *  IDAC_1_initVar
 125:.\Generated_Source\PSoC4/IDAC_1.c **** *
 126:.\Generated_Source\PSoC4/IDAC_1.c **** *******************************************************************************/
 127:.\Generated_Source\PSoC4/IDAC_1.c **** void IDAC_1_Start(void)
 128:.\Generated_Source\PSoC4/IDAC_1.c **** {
 142              		.loc 1 128 0
 143              		.cfi_startproc
 144 0000 08B5     		push	{r3, lr}
 145              		.cfi_def_cfa_offset 8
 146              		.cfi_offset 3, -8
 147              		.cfi_offset 14, -4
 129:.\Generated_Source\PSoC4/IDAC_1.c ****     if(0u == IDAC_1_initVar)
 148              		.loc 1 129 0
 149 0002 064B     		ldr	r3, .L9
 150 0004 1B68     		ldr	r3, [r3]
 151 0006 002B     		cmp	r3, #0
 152 0008 04D1     		bne	.L8
 130:.\Generated_Source\PSoC4/IDAC_1.c ****     {
 131:.\Generated_Source\PSoC4/IDAC_1.c ****         IDAC_1_Init();
 153              		.loc 1 131 0
 154 000a FFF7FEFF 		bl	IDAC_1_Init
ARM GAS  C:\Users\Moses\AppData\Local\Temp\ccdJkfgI.s 			page 6


 155              	.LVL10:
 132:.\Generated_Source\PSoC4/IDAC_1.c ****         IDAC_1_initVar = 1u;
 156              		.loc 1 132 0
 157 000e 0122     		mov	r2, #1
 158 0010 024B     		ldr	r3, .L9
 159 0012 1A60     		str	r2, [r3]
 160              	.L8:
 133:.\Generated_Source\PSoC4/IDAC_1.c ****     }
 134:.\Generated_Source\PSoC4/IDAC_1.c **** 
 135:.\Generated_Source\PSoC4/IDAC_1.c ****     IDAC_1_Enable();
 161              		.loc 1 135 0
 162 0014 FFF7FEFF 		bl	IDAC_1_Enable
 163              	.LVL11:
 136:.\Generated_Source\PSoC4/IDAC_1.c **** 
 137:.\Generated_Source\PSoC4/IDAC_1.c **** }
 164              		.loc 1 137 0
 165              		@ sp needed
 166 0018 08BD     		pop	{r3, pc}
 167              	.L10:
 168 001a C046     		.align	2
 169              	.L9:
 170 001c 00000000 		.word	.LANCHOR0
 171              		.cfi_endproc
 172              	.LFE2:
 173              		.size	IDAC_1_Start, .-IDAC_1_Start
 174              		.section	.text.IDAC_1_Stop,"ax",%progbits
 175              		.align	2
 176              		.global	IDAC_1_Stop
 177              		.code	16
 178              		.thumb_func
 179              		.type	IDAC_1_Stop, %function
 180              	IDAC_1_Stop:
 181              	.LFB3:
 138:.\Generated_Source\PSoC4/IDAC_1.c **** 
 139:.\Generated_Source\PSoC4/IDAC_1.c **** 
 140:.\Generated_Source\PSoC4/IDAC_1.c **** /*******************************************************************************
 141:.\Generated_Source\PSoC4/IDAC_1.c **** * Function Name: IDAC_1_Stop
 142:.\Generated_Source\PSoC4/IDAC_1.c **** ********************************************************************************
 143:.\Generated_Source\PSoC4/IDAC_1.c **** *
 144:.\Generated_Source\PSoC4/IDAC_1.c **** * Summary:
 145:.\Generated_Source\PSoC4/IDAC_1.c **** *  Stops the IDAC hardware.
 146:.\Generated_Source\PSoC4/IDAC_1.c **** *
 147:.\Generated_Source\PSoC4/IDAC_1.c **** * Parameters:
 148:.\Generated_Source\PSoC4/IDAC_1.c **** *  None
 149:.\Generated_Source\PSoC4/IDAC_1.c **** *
 150:.\Generated_Source\PSoC4/IDAC_1.c **** * Return:
 151:.\Generated_Source\PSoC4/IDAC_1.c **** *  None
 152:.\Generated_Source\PSoC4/IDAC_1.c **** *
 153:.\Generated_Source\PSoC4/IDAC_1.c **** * Global variables:
 154:.\Generated_Source\PSoC4/IDAC_1.c **** *  None
 155:.\Generated_Source\PSoC4/IDAC_1.c **** *
 156:.\Generated_Source\PSoC4/IDAC_1.c **** *******************************************************************************/
 157:.\Generated_Source\PSoC4/IDAC_1.c **** void IDAC_1_Stop(void)
 158:.\Generated_Source\PSoC4/IDAC_1.c **** {
 182              		.loc 1 158 0
 183              		.cfi_startproc
 184 0000 08B5     		push	{r3, lr}
ARM GAS  C:\Users\Moses\AppData\Local\Temp\ccdJkfgI.s 			page 7


 185              		.cfi_def_cfa_offset 8
 186              		.cfi_offset 3, -8
 187              		.cfi_offset 14, -4
 159:.\Generated_Source\PSoC4/IDAC_1.c ****     uint8 enableInterrupts;
 160:.\Generated_Source\PSoC4/IDAC_1.c **** 
 161:.\Generated_Source\PSoC4/IDAC_1.c ****     enableInterrupts = CyEnterCriticalSection();
 188              		.loc 1 161 0
 189 0002 FFF7FEFF 		bl	CyEnterCriticalSection
 190              	.LVL12:
 162:.\Generated_Source\PSoC4/IDAC_1.c **** 
 163:.\Generated_Source\PSoC4/IDAC_1.c ****     /* Disable the IDAC */
 164:.\Generated_Source\PSoC4/IDAC_1.c ****     IDAC_1_IDAC_CONTROL_REG &= ((uint32)~((uint32)IDAC_1_IDAC_MODE_MASK <<
 191              		.loc 1 164 0
 192 0006 044B     		ldr	r3, .L12
 193 0008 1968     		ldr	r1, [r3]
 194 000a 044A     		ldr	r2, .L12+4
 195 000c 0A40     		and	r2, r1
 196 000e 1A60     		str	r2, [r3]
 165:.\Generated_Source\PSoC4/IDAC_1.c ****         IDAC_1_IDAC_MODE_POSITION));
 166:.\Generated_Source\PSoC4/IDAC_1.c ****     CyExitCriticalSection(enableInterrupts);
 197              		.loc 1 166 0
 198 0010 FFF7FEFF 		bl	CyExitCriticalSection
 199              	.LVL13:
 167:.\Generated_Source\PSoC4/IDAC_1.c **** }
 200              		.loc 1 167 0
 201              		@ sp needed
 202 0014 08BD     		pop	{r3, pc}
 203              	.L13:
 204 0016 C046     		.align	2
 205              	.L12:
 206 0018 08000840 		.word	1074266120
 207 001c FFFCFFFF 		.word	-769
 208              		.cfi_endproc
 209              	.LFE3:
 210              		.size	IDAC_1_Stop, .-IDAC_1_Stop
 211              		.section	.text.IDAC_1_SetValue,"ax",%progbits
 212              		.align	2
 213              		.global	IDAC_1_SetValue
 214              		.code	16
 215              		.thumb_func
 216              		.type	IDAC_1_SetValue, %function
 217              	IDAC_1_SetValue:
 218              	.LFB4:
 168:.\Generated_Source\PSoC4/IDAC_1.c **** 
 169:.\Generated_Source\PSoC4/IDAC_1.c **** 
 170:.\Generated_Source\PSoC4/IDAC_1.c **** /*******************************************************************************
 171:.\Generated_Source\PSoC4/IDAC_1.c **** * Function Name: IDAC_1_SetValue
 172:.\Generated_Source\PSoC4/IDAC_1.c **** ********************************************************************************
 173:.\Generated_Source\PSoC4/IDAC_1.c **** *
 174:.\Generated_Source\PSoC4/IDAC_1.c **** * Summary:
 175:.\Generated_Source\PSoC4/IDAC_1.c **** *  Sets the IDAC value.
 176:.\Generated_Source\PSoC4/IDAC_1.c **** *
 177:.\Generated_Source\PSoC4/IDAC_1.c **** * Parameters:
 178:.\Generated_Source\PSoC4/IDAC_1.c **** *  uint32 value
 179:.\Generated_Source\PSoC4/IDAC_1.c **** *
 180:.\Generated_Source\PSoC4/IDAC_1.c **** * Return:
 181:.\Generated_Source\PSoC4/IDAC_1.c **** *  None
ARM GAS  C:\Users\Moses\AppData\Local\Temp\ccdJkfgI.s 			page 8


 182:.\Generated_Source\PSoC4/IDAC_1.c **** *
 183:.\Generated_Source\PSoC4/IDAC_1.c **** * Global variables:
 184:.\Generated_Source\PSoC4/IDAC_1.c **** *  None
 185:.\Generated_Source\PSoC4/IDAC_1.c **** *
 186:.\Generated_Source\PSoC4/IDAC_1.c **** *******************************************************************************/
 187:.\Generated_Source\PSoC4/IDAC_1.c **** void IDAC_1_SetValue(uint32 value)
 188:.\Generated_Source\PSoC4/IDAC_1.c **** {
 219              		.loc 1 188 0
 220              		.cfi_startproc
 221              	.LVL14:
 222 0000 10B5     		push	{r4, lr}
 223              		.cfi_def_cfa_offset 8
 224              		.cfi_offset 4, -8
 225              		.cfi_offset 14, -4
 226 0002 041C     		mov	r4, r0
 189:.\Generated_Source\PSoC4/IDAC_1.c ****     uint8 enableInterrupts;
 190:.\Generated_Source\PSoC4/IDAC_1.c ****     uint32 newRegisterValue;
 191:.\Generated_Source\PSoC4/IDAC_1.c **** 
 192:.\Generated_Source\PSoC4/IDAC_1.c ****     enableInterrupts = CyEnterCriticalSection();
 227              		.loc 1 192 0
 228 0004 FFF7FEFF 		bl	CyEnterCriticalSection
 229              	.LVL15:
 193:.\Generated_Source\PSoC4/IDAC_1.c **** 
 194:.\Generated_Source\PSoC4/IDAC_1.c ****     #if(IDAC_1_IDAC_VALUE_POSITION != 0u)
 195:.\Generated_Source\PSoC4/IDAC_1.c ****         newRegisterValue = ((IDAC_1_IDAC_CONTROL_REG & (~(uint32)((uint32)IDAC_1_IDAC_VALUE_MASK <<
 196:.\Generated_Source\PSoC4/IDAC_1.c ****         IDAC_1_IDAC_VALUE_POSITION))) | (value << IDAC_1_IDAC_VALUE_POSITION));
 197:.\Generated_Source\PSoC4/IDAC_1.c ****     #else
 198:.\Generated_Source\PSoC4/IDAC_1.c ****         newRegisterValue = ((IDAC_1_IDAC_CONTROL_REG & (~(uint32)IDAC_1_IDAC_VALUE_MASK)) | value);
 230              		.loc 1 198 0
 231 0008 044B     		ldr	r3, .L15
 232 000a 1A68     		ldr	r2, [r3]
 233 000c FF21     		mov	r1, #255
 234 000e 8A43     		bic	r2, r1
 235 0010 1443     		orr	r4, r2
 236              	.LVL16:
 199:.\Generated_Source\PSoC4/IDAC_1.c ****     #endif /* IDAC_1_IDAC_VALUE_POSITION != 0u */
 200:.\Generated_Source\PSoC4/IDAC_1.c **** 
 201:.\Generated_Source\PSoC4/IDAC_1.c ****     IDAC_1_IDAC_CONTROL_REG = newRegisterValue;
 237              		.loc 1 201 0
 238 0012 1C60     		str	r4, [r3]
 202:.\Generated_Source\PSoC4/IDAC_1.c **** 
 203:.\Generated_Source\PSoC4/IDAC_1.c ****     CyExitCriticalSection(enableInterrupts);
 239              		.loc 1 203 0
 240 0014 FFF7FEFF 		bl	CyExitCriticalSection
 241              	.LVL17:
 204:.\Generated_Source\PSoC4/IDAC_1.c **** }
 242              		.loc 1 204 0
 243              		@ sp needed
 244              	.LVL18:
 245 0018 10BD     		pop	{r4, pc}
 246              	.L16:
 247 001a C046     		.align	2
 248              	.L15:
 249 001c 08000840 		.word	1074266120
 250              		.cfi_endproc
 251              	.LFE4:
 252              		.size	IDAC_1_SetValue, .-IDAC_1_SetValue
ARM GAS  C:\Users\Moses\AppData\Local\Temp\ccdJkfgI.s 			page 9


 253              		.global	IDAC_1_initVar
 254              		.bss
 255              		.align	2
 256              		.set	.LANCHOR0,. + 0
 257              		.type	IDAC_1_initVar, %object
 258              		.size	IDAC_1_initVar, 4
 259              	IDAC_1_initVar:
 260 0000 00000000 		.space	4
 261              		.text
 262              	.Letext0:
 263              		.file 2 ".\\Generated_Source\\PSoC4\\cytypes.h"
 264              		.file 3 ".\\Generated_Source\\PSoC4\\CyLib.h"
 265              		.section	.debug_info,"",%progbits
 266              	.Ldebug_info0:
 267 0000 16020000 		.4byte	0x216
 268 0004 0400     		.2byte	0x4
 269 0006 00000000 		.4byte	.Ldebug_abbrev0
 270 000a 04       		.byte	0x4
 271 000b 01       		.uleb128 0x1
 272 000c 54010000 		.4byte	.LASF25
 273 0010 01       		.byte	0x1
 274 0011 15020000 		.4byte	.LASF26
 275 0015 82000000 		.4byte	.LASF27
 276 0019 00000000 		.4byte	.Ldebug_ranges0+0
 277 001d 00000000 		.4byte	0
 278 0021 00000000 		.4byte	.Ldebug_line0
 279 0025 02       		.uleb128 0x2
 280 0026 01       		.byte	0x1
 281 0027 06       		.byte	0x6
 282 0028 40020000 		.4byte	.LASF0
 283 002c 02       		.uleb128 0x2
 284 002d 01       		.byte	0x1
 285 002e 08       		.byte	0x8
 286 002f 74000000 		.4byte	.LASF1
 287 0033 02       		.uleb128 0x2
 288 0034 02       		.byte	0x2
 289 0035 05       		.byte	0x5
 290 0036 FA010000 		.4byte	.LASF2
 291 003a 02       		.uleb128 0x2
 292 003b 02       		.byte	0x2
 293 003c 07       		.byte	0x7
 294 003d 1C000000 		.4byte	.LASF3
 295 0041 02       		.uleb128 0x2
 296 0042 04       		.byte	0x4
 297 0043 05       		.byte	0x5
 298 0044 37020000 		.4byte	.LASF4
 299 0048 02       		.uleb128 0x2
 300 0049 04       		.byte	0x4
 301 004a 07       		.byte	0x7
 302 004b DC000000 		.4byte	.LASF5
 303 004f 02       		.uleb128 0x2
 304 0050 08       		.byte	0x8
 305 0051 05       		.byte	0x5
 306 0052 E7010000 		.4byte	.LASF6
 307 0056 02       		.uleb128 0x2
 308 0057 08       		.byte	0x8
 309 0058 07       		.byte	0x7
ARM GAS  C:\Users\Moses\AppData\Local\Temp\ccdJkfgI.s 			page 10


 310 0059 4E000000 		.4byte	.LASF7
 311 005d 03       		.uleb128 0x3
 312 005e 04       		.byte	0x4
 313 005f 05       		.byte	0x5
 314 0060 696E7400 		.ascii	"int\000"
 315 0064 02       		.uleb128 0x2
 316 0065 04       		.byte	0x4
 317 0066 07       		.byte	0x7
 318 0067 2F000000 		.4byte	.LASF8
 319 006b 04       		.uleb128 0x4
 320 006c EE000000 		.4byte	.LASF9
 321 0070 02       		.byte	0x2
 322 0071 B3       		.byte	0xb3
 323 0072 2C000000 		.4byte	0x2c
 324 0076 04       		.uleb128 0x4
 325 0077 13010000 		.4byte	.LASF10
 326 007b 02       		.byte	0x2
 327 007c B5       		.byte	0xb5
 328 007d 48000000 		.4byte	0x48
 329 0081 02       		.uleb128 0x2
 330 0082 04       		.byte	0x4
 331 0083 04       		.byte	0x4
 332 0084 48000000 		.4byte	.LASF11
 333 0088 02       		.uleb128 0x2
 334 0089 08       		.byte	0x8
 335 008a 04       		.byte	0x4
 336 008b 05010000 		.4byte	.LASF12
 337 008f 02       		.uleb128 0x2
 338 0090 01       		.byte	0x1
 339 0091 08       		.byte	0x8
 340 0092 F5010000 		.4byte	.LASF13
 341 0096 05       		.uleb128 0x5
 342 0097 D7000000 		.4byte	.LASF14
 343 009b 02       		.byte	0x2
 344 009c 5D01     		.2byte	0x15d
 345 009e A2000000 		.4byte	0xa2
 346 00a2 06       		.uleb128 0x6
 347 00a3 6B000000 		.4byte	0x6b
 348 00a7 05       		.uleb128 0x5
 349 00a8 00000000 		.4byte	.LASF15
 350 00ac 02       		.byte	0x2
 351 00ad 5F01     		.2byte	0x15f
 352 00af B3000000 		.4byte	0xb3
 353 00b3 06       		.uleb128 0x6
 354 00b4 76000000 		.4byte	0x76
 355 00b8 02       		.uleb128 0x2
 356 00b9 04       		.byte	0x4
 357 00ba 07       		.byte	0x7
 358 00bb DE010000 		.4byte	.LASF16
 359 00bf 07       		.uleb128 0x7
 360 00c0 4C020000 		.4byte	.LASF19
 361 00c4 01       		.byte	0x1
 362 00c5 25       		.byte	0x25
 363 00c6 00000000 		.4byte	.LFB0
 364 00ca 50000000 		.4byte	.LFE0-.LFB0
 365 00ce 01       		.uleb128 0x1
 366 00cf 9C       		.byte	0x9c
ARM GAS  C:\Users\Moses\AppData\Local\Temp\ccdJkfgI.s 			page 11


 367 00d0 05010000 		.4byte	0x105
 368 00d4 08       		.uleb128 0x8
 369 00d5 0C010000 		.4byte	.LASF17
 370 00d9 01       		.byte	0x1
 371 00da 27       		.byte	0x27
 372 00db 76000000 		.4byte	0x76
 373 00df 00000000 		.4byte	.LLST0
 374 00e3 08       		.uleb128 0x8
 375 00e4 F4000000 		.4byte	.LASF18
 376 00e8 01       		.byte	0x1
 377 00e9 28       		.byte	0x28
 378 00ea 6B000000 		.4byte	0x6b
 379 00ee 4B000000 		.4byte	.LLST1
 380 00f2 09       		.uleb128 0x9
 381 00f3 06000000 		.4byte	.LVL0
 382 00f7 01020000 		.4byte	0x201
 383 00fb 09       		.uleb128 0x9
 384 00fc 3A000000 		.4byte	.LVL7
 385 0100 0C020000 		.4byte	0x20c
 386 0104 00       		.byte	0
 387 0105 07       		.uleb128 0x7
 388 0106 D0010000 		.4byte	.LASF20
 389 010a 01       		.byte	0x1
 390 010b 5E       		.byte	0x5e
 391 010c 00000000 		.4byte	.LFB1
 392 0110 2C000000 		.4byte	.LFE1-.LFB1
 393 0114 01       		.uleb128 0x1
 394 0115 9C       		.byte	0x9c
 395 0116 3C010000 		.4byte	0x13c
 396 011a 08       		.uleb128 0x8
 397 011b F4000000 		.4byte	.LASF18
 398 011f 01       		.byte	0x1
 399 0120 60       		.byte	0x60
 400 0121 6B000000 		.4byte	0x6b
 401 0125 5E000000 		.4byte	.LLST2
 402 0129 09       		.uleb128 0x9
 403 012a 06000000 		.4byte	.LVL8
 404 012e 01020000 		.4byte	0x201
 405 0132 09       		.uleb128 0x9
 406 0133 22000000 		.4byte	.LVL9
 407 0137 0C020000 		.4byte	0x20c
 408 013b 00       		.byte	0
 409 013c 07       		.uleb128 0x7
 410 013d 31010000 		.4byte	.LASF21
 411 0141 01       		.byte	0x1
 412 0142 7F       		.byte	0x7f
 413 0143 00000000 		.4byte	.LFB2
 414 0147 20000000 		.4byte	.LFE2-.LFB2
 415 014b 01       		.uleb128 0x1
 416 014c 9C       		.byte	0x9c
 417 014d 64010000 		.4byte	0x164
 418 0151 09       		.uleb128 0x9
 419 0152 0E000000 		.4byte	.LVL10
 420 0156 BF000000 		.4byte	0xbf
 421 015a 09       		.uleb128 0x9
 422 015b 18000000 		.4byte	.LVL11
 423 015f 05010000 		.4byte	0x105
ARM GAS  C:\Users\Moses\AppData\Local\Temp\ccdJkfgI.s 			page 12


 424 0163 00       		.byte	0
 425 0164 07       		.uleb128 0x7
 426 0165 3C000000 		.4byte	.LASF22
 427 0169 01       		.byte	0x1
 428 016a 9D       		.byte	0x9d
 429 016b 00000000 		.4byte	.LFB3
 430 016f 20000000 		.4byte	.LFE3-.LFB3
 431 0173 01       		.uleb128 0x1
 432 0174 9C       		.byte	0x9c
 433 0175 9B010000 		.4byte	0x19b
 434 0179 08       		.uleb128 0x8
 435 017a F4000000 		.4byte	.LASF18
 436 017e 01       		.byte	0x1
 437 017f 9F       		.byte	0x9f
 438 0180 6B000000 		.4byte	0x6b
 439 0184 71000000 		.4byte	.LLST3
 440 0188 09       		.uleb128 0x9
 441 0189 06000000 		.4byte	.LVL12
 442 018d 01020000 		.4byte	0x201
 443 0191 09       		.uleb128 0x9
 444 0192 14000000 		.4byte	.LVL13
 445 0196 0C020000 		.4byte	0x20c
 446 019a 00       		.byte	0
 447 019b 07       		.uleb128 0x7
 448 019c 06000000 		.4byte	.LASF23
 449 01a0 01       		.byte	0x1
 450 01a1 BB       		.byte	0xbb
 451 01a2 00000000 		.4byte	.LFB4
 452 01a6 20000000 		.4byte	.LFE4-.LFB4
 453 01aa 01       		.uleb128 0x1
 454 01ab 9C       		.byte	0x9c
 455 01ac F0010000 		.4byte	0x1f0
 456 01b0 0A       		.uleb128 0xa
 457 01b1 16000000 		.4byte	.LASF28
 458 01b5 01       		.byte	0x1
 459 01b6 BB       		.byte	0xbb
 460 01b7 76000000 		.4byte	0x76
 461 01bb 84000000 		.4byte	.LLST4
 462 01bf 08       		.uleb128 0x8
 463 01c0 F4000000 		.4byte	.LASF18
 464 01c4 01       		.byte	0x1
 465 01c5 BD       		.byte	0xbd
 466 01c6 6B000000 		.4byte	0x6b
 467 01ca B0000000 		.4byte	.LLST5
 468 01ce 08       		.uleb128 0x8
 469 01cf 04020000 		.4byte	.LASF24
 470 01d3 01       		.byte	0x1
 471 01d4 BE       		.byte	0xbe
 472 01d5 76000000 		.4byte	0x76
 473 01d9 C3000000 		.4byte	.LLST6
 474 01dd 09       		.uleb128 0x9
 475 01de 08000000 		.4byte	.LVL15
 476 01e2 01020000 		.4byte	0x201
 477 01e6 09       		.uleb128 0x9
 478 01e7 18000000 		.4byte	.LVL17
 479 01eb 0C020000 		.4byte	0x20c
 480 01ef 00       		.byte	0
ARM GAS  C:\Users\Moses\AppData\Local\Temp\ccdJkfgI.s 			page 13


 481 01f0 0B       		.uleb128 0xb
 482 01f1 65000000 		.4byte	.LASF29
 483 01f5 01       		.byte	0x1
 484 01f6 11       		.byte	0x11
 485 01f7 76000000 		.4byte	0x76
 486 01fb 05       		.uleb128 0x5
 487 01fc 03       		.byte	0x3
 488 01fd 00000000 		.4byte	IDAC_1_initVar
 489 0201 0C       		.uleb128 0xc
 490 0202 1A010000 		.4byte	.LASF30
 491 0206 03       		.byte	0x3
 492 0207 5E       		.byte	0x5e
 493 0208 6B000000 		.4byte	0x6b
 494 020c 0D       		.uleb128 0xd
 495 020d 3E010000 		.4byte	.LASF31
 496 0211 03       		.byte	0x3
 497 0212 5F       		.byte	0x5f
 498 0213 0E       		.uleb128 0xe
 499 0214 6B000000 		.4byte	0x6b
 500 0218 00       		.byte	0
 501 0219 00       		.byte	0
 502              		.section	.debug_abbrev,"",%progbits
 503              	.Ldebug_abbrev0:
 504 0000 01       		.uleb128 0x1
 505 0001 11       		.uleb128 0x11
 506 0002 01       		.byte	0x1
 507 0003 25       		.uleb128 0x25
 508 0004 0E       		.uleb128 0xe
 509 0005 13       		.uleb128 0x13
 510 0006 0B       		.uleb128 0xb
 511 0007 03       		.uleb128 0x3
 512 0008 0E       		.uleb128 0xe
 513 0009 1B       		.uleb128 0x1b
 514 000a 0E       		.uleb128 0xe
 515 000b 55       		.uleb128 0x55
 516 000c 17       		.uleb128 0x17
 517 000d 11       		.uleb128 0x11
 518 000e 01       		.uleb128 0x1
 519 000f 10       		.uleb128 0x10
 520 0010 17       		.uleb128 0x17
 521 0011 00       		.byte	0
 522 0012 00       		.byte	0
 523 0013 02       		.uleb128 0x2
 524 0014 24       		.uleb128 0x24
 525 0015 00       		.byte	0
 526 0016 0B       		.uleb128 0xb
 527 0017 0B       		.uleb128 0xb
 528 0018 3E       		.uleb128 0x3e
 529 0019 0B       		.uleb128 0xb
 530 001a 03       		.uleb128 0x3
 531 001b 0E       		.uleb128 0xe
 532 001c 00       		.byte	0
 533 001d 00       		.byte	0
 534 001e 03       		.uleb128 0x3
 535 001f 24       		.uleb128 0x24
 536 0020 00       		.byte	0
 537 0021 0B       		.uleb128 0xb
ARM GAS  C:\Users\Moses\AppData\Local\Temp\ccdJkfgI.s 			page 14


 538 0022 0B       		.uleb128 0xb
 539 0023 3E       		.uleb128 0x3e
 540 0024 0B       		.uleb128 0xb
 541 0025 03       		.uleb128 0x3
 542 0026 08       		.uleb128 0x8
 543 0027 00       		.byte	0
 544 0028 00       		.byte	0
 545 0029 04       		.uleb128 0x4
 546 002a 16       		.uleb128 0x16
 547 002b 00       		.byte	0
 548 002c 03       		.uleb128 0x3
 549 002d 0E       		.uleb128 0xe
 550 002e 3A       		.uleb128 0x3a
 551 002f 0B       		.uleb128 0xb
 552 0030 3B       		.uleb128 0x3b
 553 0031 0B       		.uleb128 0xb
 554 0032 49       		.uleb128 0x49
 555 0033 13       		.uleb128 0x13
 556 0034 00       		.byte	0
 557 0035 00       		.byte	0
 558 0036 05       		.uleb128 0x5
 559 0037 16       		.uleb128 0x16
 560 0038 00       		.byte	0
 561 0039 03       		.uleb128 0x3
 562 003a 0E       		.uleb128 0xe
 563 003b 3A       		.uleb128 0x3a
 564 003c 0B       		.uleb128 0xb
 565 003d 3B       		.uleb128 0x3b
 566 003e 05       		.uleb128 0x5
 567 003f 49       		.uleb128 0x49
 568 0040 13       		.uleb128 0x13
 569 0041 00       		.byte	0
 570 0042 00       		.byte	0
 571 0043 06       		.uleb128 0x6
 572 0044 35       		.uleb128 0x35
 573 0045 00       		.byte	0
 574 0046 49       		.uleb128 0x49
 575 0047 13       		.uleb128 0x13
 576 0048 00       		.byte	0
 577 0049 00       		.byte	0
 578 004a 07       		.uleb128 0x7
 579 004b 2E       		.uleb128 0x2e
 580 004c 01       		.byte	0x1
 581 004d 3F       		.uleb128 0x3f
 582 004e 19       		.uleb128 0x19
 583 004f 03       		.uleb128 0x3
 584 0050 0E       		.uleb128 0xe
 585 0051 3A       		.uleb128 0x3a
 586 0052 0B       		.uleb128 0xb
 587 0053 3B       		.uleb128 0x3b
 588 0054 0B       		.uleb128 0xb
 589 0055 27       		.uleb128 0x27
 590 0056 19       		.uleb128 0x19
 591 0057 11       		.uleb128 0x11
 592 0058 01       		.uleb128 0x1
 593 0059 12       		.uleb128 0x12
 594 005a 06       		.uleb128 0x6
ARM GAS  C:\Users\Moses\AppData\Local\Temp\ccdJkfgI.s 			page 15


 595 005b 40       		.uleb128 0x40
 596 005c 18       		.uleb128 0x18
 597 005d 9742     		.uleb128 0x2117
 598 005f 19       		.uleb128 0x19
 599 0060 01       		.uleb128 0x1
 600 0061 13       		.uleb128 0x13
 601 0062 00       		.byte	0
 602 0063 00       		.byte	0
 603 0064 08       		.uleb128 0x8
 604 0065 34       		.uleb128 0x34
 605 0066 00       		.byte	0
 606 0067 03       		.uleb128 0x3
 607 0068 0E       		.uleb128 0xe
 608 0069 3A       		.uleb128 0x3a
 609 006a 0B       		.uleb128 0xb
 610 006b 3B       		.uleb128 0x3b
 611 006c 0B       		.uleb128 0xb
 612 006d 49       		.uleb128 0x49
 613 006e 13       		.uleb128 0x13
 614 006f 02       		.uleb128 0x2
 615 0070 17       		.uleb128 0x17
 616 0071 00       		.byte	0
 617 0072 00       		.byte	0
 618 0073 09       		.uleb128 0x9
 619 0074 898201   		.uleb128 0x4109
 620 0077 00       		.byte	0
 621 0078 11       		.uleb128 0x11
 622 0079 01       		.uleb128 0x1
 623 007a 31       		.uleb128 0x31
 624 007b 13       		.uleb128 0x13
 625 007c 00       		.byte	0
 626 007d 00       		.byte	0
 627 007e 0A       		.uleb128 0xa
 628 007f 05       		.uleb128 0x5
 629 0080 00       		.byte	0
 630 0081 03       		.uleb128 0x3
 631 0082 0E       		.uleb128 0xe
 632 0083 3A       		.uleb128 0x3a
 633 0084 0B       		.uleb128 0xb
 634 0085 3B       		.uleb128 0x3b
 635 0086 0B       		.uleb128 0xb
 636 0087 49       		.uleb128 0x49
 637 0088 13       		.uleb128 0x13
 638 0089 02       		.uleb128 0x2
 639 008a 17       		.uleb128 0x17
 640 008b 00       		.byte	0
 641 008c 00       		.byte	0
 642 008d 0B       		.uleb128 0xb
 643 008e 34       		.uleb128 0x34
 644 008f 00       		.byte	0
 645 0090 03       		.uleb128 0x3
 646 0091 0E       		.uleb128 0xe
 647 0092 3A       		.uleb128 0x3a
 648 0093 0B       		.uleb128 0xb
 649 0094 3B       		.uleb128 0x3b
 650 0095 0B       		.uleb128 0xb
 651 0096 49       		.uleb128 0x49
ARM GAS  C:\Users\Moses\AppData\Local\Temp\ccdJkfgI.s 			page 16


 652 0097 13       		.uleb128 0x13
 653 0098 3F       		.uleb128 0x3f
 654 0099 19       		.uleb128 0x19
 655 009a 02       		.uleb128 0x2
 656 009b 18       		.uleb128 0x18
 657 009c 00       		.byte	0
 658 009d 00       		.byte	0
 659 009e 0C       		.uleb128 0xc
 660 009f 2E       		.uleb128 0x2e
 661 00a0 00       		.byte	0
 662 00a1 3F       		.uleb128 0x3f
 663 00a2 19       		.uleb128 0x19
 664 00a3 03       		.uleb128 0x3
 665 00a4 0E       		.uleb128 0xe
 666 00a5 3A       		.uleb128 0x3a
 667 00a6 0B       		.uleb128 0xb
 668 00a7 3B       		.uleb128 0x3b
 669 00a8 0B       		.uleb128 0xb
 670 00a9 27       		.uleb128 0x27
 671 00aa 19       		.uleb128 0x19
 672 00ab 49       		.uleb128 0x49
 673 00ac 13       		.uleb128 0x13
 674 00ad 3C       		.uleb128 0x3c
 675 00ae 19       		.uleb128 0x19
 676 00af 00       		.byte	0
 677 00b0 00       		.byte	0
 678 00b1 0D       		.uleb128 0xd
 679 00b2 2E       		.uleb128 0x2e
 680 00b3 01       		.byte	0x1
 681 00b4 3F       		.uleb128 0x3f
 682 00b5 19       		.uleb128 0x19
 683 00b6 03       		.uleb128 0x3
 684 00b7 0E       		.uleb128 0xe
 685 00b8 3A       		.uleb128 0x3a
 686 00b9 0B       		.uleb128 0xb
 687 00ba 3B       		.uleb128 0x3b
 688 00bb 0B       		.uleb128 0xb
 689 00bc 27       		.uleb128 0x27
 690 00bd 19       		.uleb128 0x19
 691 00be 3C       		.uleb128 0x3c
 692 00bf 19       		.uleb128 0x19
 693 00c0 00       		.byte	0
 694 00c1 00       		.byte	0
 695 00c2 0E       		.uleb128 0xe
 696 00c3 05       		.uleb128 0x5
 697 00c4 00       		.byte	0
 698 00c5 49       		.uleb128 0x49
 699 00c6 13       		.uleb128 0x13
 700 00c7 00       		.byte	0
 701 00c8 00       		.byte	0
 702 00c9 00       		.byte	0
 703              		.section	.debug_loc,"",%progbits
 704              	.Ldebug_loc0:
 705              	.LLST0:
 706 0000 0E000000 		.4byte	.LVL1
 707 0004 18000000 		.4byte	.LVL2
 708 0008 0100     		.2byte	0x1
ARM GAS  C:\Users\Moses\AppData\Local\Temp\ccdJkfgI.s 			page 17


 709 000a 51       		.byte	0x51
 710 000b 18000000 		.4byte	.LVL2
 711 000f 1C000000 		.4byte	.LVL3
 712 0013 0100     		.2byte	0x1
 713 0015 52       		.byte	0x52
 714 0016 1C000000 		.4byte	.LVL3
 715 001a 1E000000 		.4byte	.LVL4
 716 001e 0200     		.2byte	0x2
 717 0020 73       		.byte	0x73
 718 0021 00       		.sleb128 0
 719 0022 1E000000 		.4byte	.LVL4
 720 0026 20000000 		.4byte	.LVL5
 721 002a 0500     		.2byte	0x5
 722 002c 0C       		.byte	0xc
 723 002d 00FF0840 		.4byte	0x4008ff00
 724 0031 20000000 		.4byte	.LVL5
 725 0035 24000000 		.4byte	.LVL6
 726 0039 0800     		.2byte	0x8
 727 003b 74       		.byte	0x74
 728 003c 00       		.sleb128 0
 729 003d 3F       		.byte	0x3f
 730 003e 1A       		.byte	0x1a
 731 003f 71       		.byte	0x71
 732 0040 00       		.sleb128 0
 733 0041 21       		.byte	0x21
 734 0042 9F       		.byte	0x9f
 735 0043 00000000 		.4byte	0
 736 0047 00000000 		.4byte	0
 737              	.LLST1:
 738 004b 06000000 		.4byte	.LVL0
 739 004f 39000000 		.4byte	.LVL7-1
 740 0053 0100     		.2byte	0x1
 741 0055 50       		.byte	0x50
 742 0056 00000000 		.4byte	0
 743 005a 00000000 		.4byte	0
 744              	.LLST2:
 745 005e 06000000 		.4byte	.LVL8
 746 0062 21000000 		.4byte	.LVL9-1
 747 0066 0100     		.2byte	0x1
 748 0068 50       		.byte	0x50
 749 0069 00000000 		.4byte	0
 750 006d 00000000 		.4byte	0
 751              	.LLST3:
 752 0071 06000000 		.4byte	.LVL12
 753 0075 13000000 		.4byte	.LVL13-1
 754 0079 0100     		.2byte	0x1
 755 007b 50       		.byte	0x50
 756 007c 00000000 		.4byte	0
 757 0080 00000000 		.4byte	0
 758              	.LLST4:
 759 0084 00000000 		.4byte	.LVL14
 760 0088 07000000 		.4byte	.LVL15-1
 761 008c 0100     		.2byte	0x1
 762 008e 50       		.byte	0x50
 763 008f 07000000 		.4byte	.LVL15-1
 764 0093 12000000 		.4byte	.LVL16
 765 0097 0100     		.2byte	0x1
ARM GAS  C:\Users\Moses\AppData\Local\Temp\ccdJkfgI.s 			page 18


 766 0099 54       		.byte	0x54
 767 009a 12000000 		.4byte	.LVL16
 768 009e 20000000 		.4byte	.LFE4
 769 00a2 0400     		.2byte	0x4
 770 00a4 F3       		.byte	0xf3
 771 00a5 01       		.uleb128 0x1
 772 00a6 50       		.byte	0x50
 773 00a7 9F       		.byte	0x9f
 774 00a8 00000000 		.4byte	0
 775 00ac 00000000 		.4byte	0
 776              	.LLST5:
 777 00b0 08000000 		.4byte	.LVL15
 778 00b4 17000000 		.4byte	.LVL17-1
 779 00b8 0100     		.2byte	0x1
 780 00ba 50       		.byte	0x50
 781 00bb 00000000 		.4byte	0
 782 00bf 00000000 		.4byte	0
 783              	.LLST6:
 784 00c3 12000000 		.4byte	.LVL16
 785 00c7 18000000 		.4byte	.LVL18
 786 00cb 0100     		.2byte	0x1
 787 00cd 54       		.byte	0x54
 788 00ce 00000000 		.4byte	0
 789 00d2 00000000 		.4byte	0
 790              		.section	.debug_aranges,"",%progbits
 791 0000 3C000000 		.4byte	0x3c
 792 0004 0200     		.2byte	0x2
 793 0006 00000000 		.4byte	.Ldebug_info0
 794 000a 04       		.byte	0x4
 795 000b 00       		.byte	0
 796 000c 0000     		.2byte	0
 797 000e 0000     		.2byte	0
 798 0010 00000000 		.4byte	.LFB0
 799 0014 50000000 		.4byte	.LFE0-.LFB0
 800 0018 00000000 		.4byte	.LFB1
 801 001c 2C000000 		.4byte	.LFE1-.LFB1
 802 0020 00000000 		.4byte	.LFB2
 803 0024 20000000 		.4byte	.LFE2-.LFB2
 804 0028 00000000 		.4byte	.LFB3
 805 002c 20000000 		.4byte	.LFE3-.LFB3
 806 0030 00000000 		.4byte	.LFB4
 807 0034 20000000 		.4byte	.LFE4-.LFB4
 808 0038 00000000 		.4byte	0
 809 003c 00000000 		.4byte	0
 810              		.section	.debug_ranges,"",%progbits
 811              	.Ldebug_ranges0:
 812 0000 00000000 		.4byte	.LFB0
 813 0004 50000000 		.4byte	.LFE0
 814 0008 00000000 		.4byte	.LFB1
 815 000c 2C000000 		.4byte	.LFE1
 816 0010 00000000 		.4byte	.LFB2
 817 0014 20000000 		.4byte	.LFE2
 818 0018 00000000 		.4byte	.LFB3
 819 001c 20000000 		.4byte	.LFE3
 820 0020 00000000 		.4byte	.LFB4
 821 0024 20000000 		.4byte	.LFE4
 822 0028 00000000 		.4byte	0
ARM GAS  C:\Users\Moses\AppData\Local\Temp\ccdJkfgI.s 			page 19


 823 002c 00000000 		.4byte	0
 824              		.section	.debug_line,"",%progbits
 825              	.Ldebug_line0:
 826 0000 C2000000 		.section	.debug_str,"MS",%progbits,1
 826      02005000 
 826      00000201 
 826      FB0E0D00 
 826      01010101 
 827              	.LASF15:
 828 0000 72656733 		.ascii	"reg32\000"
 828      3200
 829              	.LASF23:
 830 0006 49444143 		.ascii	"IDAC_1_SetValue\000"
 830      5F315F53 
 830      65745661 
 830      6C756500 
 831              	.LASF28:
 832 0016 76616C75 		.ascii	"value\000"
 832      6500
 833              	.LASF3:
 834 001c 73686F72 		.ascii	"short unsigned int\000"
 834      7420756E 
 834      7369676E 
 834      65642069 
 834      6E7400
 835              	.LASF8:
 836 002f 756E7369 		.ascii	"unsigned int\000"
 836      676E6564 
 836      20696E74 
 836      00
 837              	.LASF22:
 838 003c 49444143 		.ascii	"IDAC_1_Stop\000"
 838      5F315F53 
 838      746F7000 
 839              	.LASF11:
 840 0048 666C6F61 		.ascii	"float\000"
 840      7400
 841              	.LASF7:
 842 004e 6C6F6E67 		.ascii	"long long unsigned int\000"
 842      206C6F6E 
 842      6720756E 
 842      7369676E 
 842      65642069 
 843              	.LASF29:
 844 0065 49444143 		.ascii	"IDAC_1_initVar\000"
 844      5F315F69 
 844      6E697456 
 844      617200
 845              	.LASF1:
 846 0074 756E7369 		.ascii	"unsigned char\000"
 846      676E6564 
 846      20636861 
 846      7200
 847              	.LASF27:
 848 0082 433A5C55 		.ascii	"C:\\Users\\Moses\\Documents\\GitHub\\bq2002-chip-te"
 848      73657273 
 848      5C4D6F73 
ARM GAS  C:\Users\Moses\AppData\Local\Temp\ccdJkfgI.s 			page 20


 848      65735C44 
 848      6F63756D 
 849 00b0 73746572 		.ascii	"ster\\bq2002 Tester\\bq2002 Tester.cydsn\000"
 849      5C627132 
 849      30303220 
 849      54657374 
 849      65725C62 
 850              	.LASF14:
 851 00d7 72656738 		.ascii	"reg8\000"
 851      00
 852              	.LASF5:
 853 00dc 6C6F6E67 		.ascii	"long unsigned int\000"
 853      20756E73 
 853      69676E65 
 853      6420696E 
 853      7400
 854              	.LASF9:
 855 00ee 75696E74 		.ascii	"uint8\000"
 855      3800
 856              	.LASF18:
 857 00f4 656E6162 		.ascii	"enableInterrupts\000"
 857      6C65496E 
 857      74657272 
 857      75707473 
 857      00
 858              	.LASF12:
 859 0105 646F7562 		.ascii	"double\000"
 859      6C6500
 860              	.LASF17:
 861 010c 72656756 		.ascii	"regVal\000"
 861      616C00
 862              	.LASF10:
 863 0113 75696E74 		.ascii	"uint32\000"
 863      333200
 864              	.LASF30:
 865 011a 4379456E 		.ascii	"CyEnterCriticalSection\000"
 865      74657243 
 865      72697469 
 865      63616C53 
 865      65637469 
 866              	.LASF21:
 867 0131 49444143 		.ascii	"IDAC_1_Start\000"
 867      5F315F53 
 867      74617274 
 867      00
 868              	.LASF31:
 869 013e 43794578 		.ascii	"CyExitCriticalSection\000"
 869      69744372 
 869      69746963 
 869      616C5365 
 869      6374696F 
 870              	.LASF25:
 871 0154 474E5520 		.ascii	"GNU C 4.8.4 20140526 (release) [ARM/embedded-4_8-br"
 871      4320342E 
 871      382E3420 
 871      32303134 
 871      30353236 
ARM GAS  C:\Users\Moses\AppData\Local\Temp\ccdJkfgI.s 			page 21


 872 0187 616E6368 		.ascii	"anch revision 211358] -mcpu=cortex-m0 -mthumb -g -O"
 872      20726576 
 872      6973696F 
 872      6E203231 
 872      31333538 
 873 01ba 67202D66 		.ascii	"g -ffunction-sections\000"
 873      66756E63 
 873      74696F6E 
 873      2D736563 
 873      74696F6E 
 874              	.LASF20:
 875 01d0 49444143 		.ascii	"IDAC_1_Enable\000"
 875      5F315F45 
 875      6E61626C 
 875      6500
 876              	.LASF16:
 877 01de 73697A65 		.ascii	"sizetype\000"
 877      74797065 
 877      00
 878              	.LASF6:
 879 01e7 6C6F6E67 		.ascii	"long long int\000"
 879      206C6F6E 
 879      6720696E 
 879      7400
 880              	.LASF13:
 881 01f5 63686172 		.ascii	"char\000"
 881      00
 882              	.LASF2:
 883 01fa 73686F72 		.ascii	"short int\000"
 883      7420696E 
 883      7400
 884              	.LASF24:
 885 0204 6E657752 		.ascii	"newRegisterValue\000"
 885      65676973 
 885      74657256 
 885      616C7565 
 885      00
 886              	.LASF26:
 887 0215 2E5C4765 		.ascii	".\\Generated_Source\\PSoC4\\IDAC_1.c\000"
 887      6E657261 
 887      7465645F 
 887      536F7572 
 887      63655C50 
 888              	.LASF4:
 889 0237 6C6F6E67 		.ascii	"long int\000"
 889      20696E74 
 889      00
 890              	.LASF0:
 891 0240 7369676E 		.ascii	"signed char\000"
 891      65642063 
 891      68617200 
 892              	.LASF19:
 893 024c 49444143 		.ascii	"IDAC_1_Init\000"
 893      5F315F49 
 893      6E697400 
 894              		.ident	"GCC: (GNU Tools for ARM Embedded Processors) 4.8.4 20140526 (release) [ARM/embedded-4_8-br
